--- START JOURNAL_BOOT 20251215_150234 ---
-- Logs begin at Mon 2024-06-17 20:29:40 UTC, end at Mon 2025-12-15 15:02:34 UTC. --
Jun 17 20:29:40 dcs kernel: Booting Linux on physical CPU 0x0000000000 [0x4e0f0040]
Jun 17 20:29:40 dcs kernel: Linux version 5.10.120-tegra (msedl@msedl-OMEN-by-HP-Laptop-15-dc1xxx) (aarch64-buildroot-linux-gnu-gcc.br_real (Buildroot 2020.08) 9.3.0, GNU ld (GNU Binutils) 2.33.1) #1 SMP PREEMPT Sun Oct 22 12:12:41 CEST 2023
Jun 17 20:29:40 dcs kernel: Machine model: NVIDIA Jetson Xavier NX Developer Kit
Jun 17 20:29:40 dcs kernel: efi: EFI v2.70 by EDK II
Jun 17 20:29:40 dcs kernel: efi: RTPROP=0x2788b3f98 SMBIOS=0xc7bb0000 SMBIOS 3.0=0x258820000 MEMATTR=0x259df9018 ESRT=0x258862518 RNG=0x27c57d818 MEMRESERVE=0x259dfaf18 
Jun 17 20:29:40 dcs kernel: efi: seeding entropy pool
Jun 17 20:29:40 dcs kernel: esrt: Reserving ESRT space from 0x0000000258862518 to 0x0000000258862550.
Jun 17 20:29:40 dcs kernel: OF: fdt: Reserved memory: failed to reserve memory for node 'fb0_carveout': base 0x0000000000000000, size 0 MiB
Jun 17 20:29:40 dcs kernel: OF: fdt: Reserved memory: failed to reserve memory for node 'fb0_carveout': base 0x0000000000000000, size 0 MiB
Jun 17 20:29:40 dcs kernel: OF: fdt: Reserved memory: failed to reserve memory for node 'fb1_carveout': base 0x0000000000000000, size 0 MiB
Jun 17 20:29:40 dcs kernel: OF: fdt: Reserved memory: failed to reserve memory for node 'fb1_carveout': base 0x0000000000000000, size 0 MiB
Jun 17 20:29:40 dcs kernel: OF: fdt: Reserved memory: failed to reserve memory for node 'fb2_carveout': base 0x0000000000000000, size 0 MiB
Jun 17 20:29:40 dcs kernel: OF: fdt: Reserved memory: failed to reserve memory for node 'fb2_carveout': base 0x0000000000000000, size 0 MiB
Jun 17 20:29:40 dcs kernel: OF: fdt: Reserved memory: failed to reserve memory for node 'fb3_carveout': base 0x0000000000000000, size 0 MiB
Jun 17 20:29:40 dcs kernel: OF: fdt: Reserved memory: failed to reserve memory for node 'fb3_carveout': base 0x0000000000000000, size 0 MiB
Jun 17 20:29:40 dcs kernel: Zone ranges:
Jun 17 20:29:40 dcs kernel:   DMA      [mem 0x0000000080000000-0x00000000ffffffff]
Jun 17 20:29:40 dcs kernel:   DMA32    empty
Jun 17 20:29:40 dcs kernel:   Normal   [mem 0x0000000100000000-0x000000027fffffff]
Jun 17 20:29:40 dcs kernel: Movable zone start for each node
Jun 17 20:29:40 dcs kernel: Early memory node ranges
Jun 17 20:29:40 dcs kernel:   node   0: [mem 0x0000000080000000-0x00000000aeffffff]
Jun 17 20:29:40 dcs kernel:   node   0: [mem 0x00000000af010000-0x00000000c79fffff]
Jun 17 20:29:40 dcs kernel:   node   0: [mem 0x00000000c7b00000-0x00000000c7b9ffff]
Jun 17 20:29:40 dcs kernel:   node   0: [mem 0x00000000c7ba0000-0x00000000c7bbffff]
Jun 17 20:29:40 dcs kernel:   node   0: [mem 0x00000000ca000000-0x00000000ca7fffff]
Jun 17 20:29:40 dcs kernel:   node   0: [mem 0x0000000100000000-0x0000000257f50fff]
Jun 17 20:29:40 dcs kernel:   node   0: [mem 0x0000000257f51000-0x000000025832efff]
Jun 17 20:29:40 dcs kernel:   node   0: [mem 0x000000025832f000-0x00000002586dffff]
Jun 17 20:29:40 dcs kernel:   node   0: [mem 0x00000002586e0000-0x000000025877ffff]
Jun 17 20:29:40 dcs kernel:   node   0: [mem 0x0000000258780000-0x00000002587dffff]
Jun 17 20:29:40 dcs kernel:   node   0: [mem 0x00000002587e0000-0x00000002587effff]
Jun 17 20:29:40 dcs kernel:   node   0: [mem 0x00000002587f0000-0x000000025881ffff]
Jun 17 20:29:40 dcs kernel:   node   0: [mem 0x0000000258820000-0x000000025885ffff]
Jun 17 20:29:40 dcs kernel:   node   0: [mem 0x0000000258860000-0x0000000259ceffff]
Jun 17 20:29:40 dcs kernel:   node   0: [mem 0x0000000259cf0000-0x0000000259d8ffff]
Jun 17 20:29:40 dcs kernel:   node   0: [mem 0x0000000259d90000-0x0000000259dfffff]
Jun 17 20:29:40 dcs kernel:   node   0: [mem 0x0000000259e00000-0x0000000259e2ffff]
Jun 17 20:29:40 dcs kernel:   node   0: [mem 0x0000000259e30000-0x0000000259e4ffff]
Jun 17 20:29:40 dcs kernel:   node   0: [mem 0x0000000259e50000-0x0000000259e6ffff]
Jun 17 20:29:40 dcs kernel:   node   0: [mem 0x0000000259e70000-0x0000000259efffff]
Jun 17 20:29:40 dcs kernel:   node   0: [mem 0x0000000259f00000-0x0000000259f1ffff]
Jun 17 20:29:40 dcs kernel:   node   0: [mem 0x0000000259f20000-0x0000000259f7ffff]
Jun 17 20:29:40 dcs kernel:   node   0: [mem 0x0000000259f80000-0x000000025a0bffff]
Jun 17 20:29:40 dcs kernel:   node   0: [mem 0x000000025a0c0000-0x000000025a10ffff]
Jun 17 20:29:40 dcs kernel:   node   0: [mem 0x000000025a110000-0x000000025a1affff]
Jun 17 20:29:40 dcs kernel:   node   0: [mem 0x000000025a1b0000-0x000000025a22ffff]
Jun 17 20:29:40 dcs kernel:   node   0: [mem 0x000000025a230000-0x000000025a2dffff]
Jun 17 20:29:40 dcs kernel:   node   0: [mem 0x000000025a2e0000-0x000000025a32ffff]
Jun 17 20:29:40 dcs kernel:   node   0: [mem 0x000000025a330000-0x000000025a55ffff]
Jun 17 20:29:40 dcs kernel:   node   0: [mem 0x000000025a560000-0x000000025a5effff]
Jun 17 20:29:40 dcs kernel:   node   0: [mem 0x000000025a5f0000-0x000000025a63ffff]
Jun 17 20:29:40 dcs kernel:   node   0: [mem 0x000000025a640000-0x000000025a66ffff]
Jun 17 20:29:40 dcs kernel:   node   0: [mem 0x000000025a670000-0x000000025a70ffff]
Jun 17 20:29:40 dcs kernel:   node   0: [mem 0x000000025a710000-0x000000025a75ffff]
Jun 17 20:29:40 dcs kernel:   node   0: [mem 0x000000025a760000-0x000000025a7fffff]
Jun 17 20:29:40 dcs kernel:   node   0: [mem 0x000000025a800000-0x000000025acdffff]
Jun 17 20:29:40 dcs kernel:   node   0: [mem 0x000000025ace0000-0x000000025aebffff]
Jun 17 20:29:40 dcs kernel:   node   0: [mem 0x000000025aec0000-0x000000027c52ffff]
Jun 17 20:29:40 dcs kernel:   node   0: [mem 0x000000027c530000-0x000000027c57ffff]
Jun 17 20:29:40 dcs kernel:   node   0: [mem 0x000000027c580000-0x000000027fffffff]
Jun 17 20:29:40 dcs kernel: Initmem setup node 0 [mem 0x0000000080000000-0x000000027fffffff]
Jun 17 20:29:40 dcs kernel: On node 0 totalpages: 1868464
Jun 17 20:29:40 dcs kernel:   DMA zone: 4619 pages used for memmap
Jun 17 20:29:40 dcs kernel:   DMA zone: 0 pages reserved
Jun 17 20:29:40 dcs kernel:   DMA zone: 295600 pages, LIFO batch:63
Jun 17 20:29:40 dcs kernel:   Normal zone: 24576 pages used for memmap
Jun 17 20:29:40 dcs kernel:   Normal zone: 1572864 pages, LIFO batch:63
Jun 17 20:29:40 dcs kernel: cma: Reserved 64 MiB at 0x00000000c3800000
Jun 17 20:29:40 dcs kernel: psci: probing for conduit method from DT.
Jun 17 20:29:40 dcs kernel: psci: PSCIv1.1 detected in firmware.
Jun 17 20:29:40 dcs kernel: psci: Using standard PSCI v0.2 function IDs
Jun 17 20:29:40 dcs kernel: psci: Trusted OS migration not required
Jun 17 20:29:40 dcs kernel: psci: SMC Calling Convention v1.2
Jun 17 20:29:40 dcs kernel: percpu: Embedded 32 pages/cpu s90328 r8192 d32552 u131072
Jun 17 20:29:40 dcs kernel: pcpu-alloc: s90328 r8192 d32552 u131072 alloc=32*4096
Jun 17 20:29:40 dcs kernel: pcpu-alloc: [0] 0 [0] 1 [0] 2 [0] 3 [0] 4 [0] 5 
Jun 17 20:29:40 dcs kernel: Detected PIPT I-cache on CPU0
Jun 17 20:29:40 dcs kernel: CPU features: detected: Virtualization Host Extensions
Jun 17 20:29:40 dcs kernel: CPU features: kernel page table isolation forced ON by KASLR
Jun 17 20:29:40 dcs kernel: CPU features: detected: Kernel page table isolation (KPTI)
Jun 17 20:29:40 dcs kernel: CPU features: detected: Spectre-v2
Jun 17 20:29:40 dcs kernel: CPU features: detected: Spectre-BHB
Jun 17 20:29:40 dcs kernel: CPU features: detected: NVIDIA Carmel CNP erratum
Jun 17 20:29:40 dcs kernel: alternatives: patching kernel code
Jun 17 20:29:40 dcs kernel: Built 1 zonelists, mobility grouping on.  Total pages: 1839269
Jun 17 20:29:40 dcs kernel: Kernel command line: root=/dev/mmcblk0p1 rw rootwait rootfstype=ext4 console=ttyTCU0,115200n8 console=tty0 fbcon=map:0 net.ifnames=0 
Jun 17 20:29:40 dcs kernel: Dentry cache hash table entries: 1048576 (order: 11, 8388608 bytes, linear)
Jun 17 20:29:40 dcs kernel: Inode-cache hash table entries: 524288 (order: 10, 4194304 bytes, linear)
Jun 17 20:29:40 dcs kernel: mem auto-init: stack:off, heap alloc:off, heap free:off
Jun 17 20:29:40 dcs kernel: software IO TLB: mapped [mem 0x00000000b3800000-0x00000000c3800000] (256MB)
Jun 17 20:29:40 dcs kernel: Memory: 6939740K/7473856K available (18496K kernel code, 3166K rwdata, 7168K rodata, 3968K init, 1416K bss, 468580K reserved, 65536K cma-reserved)
Jun 17 20:29:40 dcs kernel: SLUB: HWalign=64, Order=0-3, MinObjects=0, CPUs=6, Nodes=1
Jun 17 20:29:40 dcs kernel: rcu: Preemptible hierarchical RCU implementation.
Jun 17 20:29:40 dcs kernel: rcu:         RCU event tracing is enabled.
Jun 17 20:29:40 dcs kernel: rcu:         RCU restricting CPUs from NR_CPUS=256 to nr_cpu_ids=6.
Jun 17 20:29:40 dcs kernel:         Trampoline variant of Tasks RCU enabled.
Jun 17 20:29:40 dcs kernel:         Rude variant of Tasks RCU enabled.
Jun 17 20:29:40 dcs kernel:         Tracing variant of Tasks RCU enabled.
Jun 17 20:29:40 dcs kernel: rcu: RCU calculated value of scheduler-enlistment delay is 25 jiffies.
Jun 17 20:29:40 dcs kernel: rcu: Adjusting geometry for rcu_fanout_leaf=16, nr_cpu_ids=6
Jun 17 20:29:40 dcs kernel: NR_IRQS: 64, nr_irqs: 64, preallocated irqs: 0
Jun 17 20:29:40 dcs kernel: GIC: Using split EOI/Deactivate mode
Jun 17 20:29:40 dcs kernel: arch_timer: cp15 timer(s) running at 31.25MHz (phys).
Jun 17 20:29:40 dcs kernel: clocksource: arch_sys_counter: mask: 0xffffffffffffff max_cycles: 0xe6a171046, max_idle_ns: 881590405314 ns
Jun 17 20:29:40 dcs kernel: sched_clock: 56 bits at 31MHz, resolution 32ns, wraps every 4398046511088ns
Jun 17 20:29:40 dcs kernel: Console: colour dummy device 80x25
Jun 17 20:29:40 dcs kernel: printk: console [tty0] enabled
Jun 17 20:29:40 dcs kernel: Calibrating delay loop (skipped), value calculated using timer frequency.. 62.50 BogoMIPS (lpj=125000)
Jun 17 20:29:40 dcs kernel: pid_max: default: 32768 minimum: 301
Jun 17 20:29:40 dcs kernel: LSM: Security Framework initializing
Jun 17 20:29:40 dcs kernel: Yama: becoming mindful.
Jun 17 20:29:40 dcs kernel: SELinux:  Initializing.
Jun 17 20:29:40 dcs kernel: Mount-cache hash table entries: 16384 (order: 5, 131072 bytes, linear)
Jun 17 20:29:40 dcs kernel: Mountpoint-cache hash table entries: 16384 (order: 5, 131072 bytes, linear)
Jun 17 20:29:40 dcs kernel: rcu: Hierarchical SRCU implementation.
Jun 17 20:29:40 dcs kernel: dyndbg: Ignore empty _ddebug table in a CONFIG_DYNAMIC_DEBUG_CORE build
Jun 17 20:29:40 dcs kernel: DTS File Name: /home/msedl/nvidia/nvidia_sdk/Jetson_Linux_R35.4.1_aarch64/Linux_for_Tegra/kernel_sources_xaviernx/kernel/kernel-5.10/arch/arm64/boot/dts/../../../../../../hardware/nvidia/platform/t19x/jakku/kernel-dts/tegra194-p3668-0001-p3509-0000.dts
Jun 17 20:29:40 dcs kernel: DTB Build time: Oct 22 2023 12:20:39
Jun 17 20:29:40 dcs kernel: Tegra Revision: A02 SKU: 0xde CPU Process: 0 SoC Process: 0
Jun 17 20:29:40 dcs kernel: Remapping and enabling EFI services.
Jun 17 20:29:40 dcs kernel: smp: Bringing up secondary CPUs ...
Jun 17 20:29:40 dcs kernel: Detected PIPT I-cache on CPU1
Jun 17 20:29:40 dcs kernel: CPU1: Booted secondary processor 0x0000000001 [0x4e0f0040]
Jun 17 20:29:40 dcs kernel: Detected PIPT I-cache on CPU2
Jun 17 20:29:40 dcs kernel: CPU2: Booted secondary processor 0x0000000100 [0x4e0f0040]
Jun 17 20:29:40 dcs kernel: Detected PIPT I-cache on CPU3
Jun 17 20:29:40 dcs kernel: CPU3: Booted secondary processor 0x0000000101 [0x4e0f0040]
Jun 17 20:29:40 dcs kernel: Detected PIPT I-cache on CPU4
Jun 17 20:29:40 dcs kernel: CPU4: Booted secondary processor 0x0000000200 [0x4e0f0040]
Jun 17 20:29:40 dcs kernel: Detected PIPT I-cache on CPU5
Jun 17 20:29:40 dcs kernel: CPU5: Booted secondary processor 0x0000000201 [0x4e0f0040]
Jun 17 20:29:40 dcs kernel: smp: Brought up 1 node, 6 CPUs
Jun 17 20:29:40 dcs kernel: SMP: Total of 6 processors activated.
Jun 17 20:29:40 dcs kernel: CPU features: detected: Privileged Access Never
Jun 17 20:29:40 dcs kernel: CPU features: detected: LSE atomic instructions
Jun 17 20:29:40 dcs kernel: CPU features: detected: User Access Override
Jun 17 20:29:40 dcs kernel: CPU features: detected: 32-bit EL0 Support
Jun 17 20:29:40 dcs kernel: CPU features: detected: RAS Extension Support
Jun 17 20:29:40 dcs kernel: CPU features: detected: CRC32 instructions
Jun 17 20:29:40 dcs kernel: CPU features: detected: 32-bit EL1 Support
Jun 17 20:29:40 dcs kernel: CPU: All CPU(s) started at EL2
Jun 17 20:29:40 dcs kernel: devtmpfs: initialized
Jun 17 20:29:40 dcs kernel: Registered cp15_barrier emulation handler
Jun 17 20:29:40 dcs kernel: Registered setend emulation handler
Jun 17 20:29:40 dcs kernel: KASLR enabled
Jun 17 20:29:40 dcs kernel: clocksource: jiffies: mask: 0xffffffff max_cycles: 0xffffffff, max_idle_ns: 7645041785100000 ns
Jun 17 20:29:40 dcs kernel: futex hash table entries: 2048 (order: 5, 131072 bytes, linear)
Jun 17 20:29:40 dcs kernel: pinctrl core: initialized pinctrl subsystem
Jun 17 20:29:40 dcs kernel: SMBIOS 3.0.0 present.
Jun 17 20:29:40 dcs kernel: DMI: Unknown NVIDIA Jetson Xavier NX Developer Kit/NVIDIA Jetson Xavier NX Developer Kit, BIOS 4.1-33958178 08/01/2023
Jun 17 20:29:40 dcs kernel: NET: Registered protocol family 16
Jun 17 20:29:40 dcs kernel: DMA: preallocated 1024 KiB GFP_KERNEL pool for atomic allocations
Jun 17 20:29:40 dcs kernel: DMA: preallocated 1024 KiB GFP_KERNEL|GFP_DMA pool for atomic allocations
Jun 17 20:29:40 dcs kernel: DMA: preallocated 1024 KiB GFP_KERNEL|GFP_DMA32 pool for atomic allocations
Jun 17 20:29:40 dcs kernel: audit: initializing netlink subsys (disabled)
Jun 17 20:29:40 dcs kernel: audit: type=2000 audit(0.304:1): state=initialized audit_enabled=0 res=1
Jun 17 20:29:40 dcs kernel: thermal_sys: Registered thermal governor 'step_wise'
Jun 17 20:29:40 dcs kernel: thermal_sys: Registered thermal governor 'power_allocator'
Jun 17 20:29:40 dcs kernel: thermal_sys: Registered thermal governor 'pid_thermal_gov'
Jun 17 20:29:40 dcs kernel: cpuidle: using governor menu
Jun 17 20:29:40 dcs kernel: hw-breakpoint: found 6 breakpoint and 4 watchpoint registers.
Jun 17 20:29:40 dcs kernel: ASID allocator initialised with 32768 entries
Jun 17 20:29:40 dcs kernel: Serial: AMBA PL011 UART driver
Jun 17 20:29:40 dcs kernel: Tegra reboot handler registered.
Jun 17 20:29:40 dcs kernel: mc: mapped MMIO address: 0xffff800010580000 -> 0x2c10000
Jun 17 20:29:40 dcs kernel: mc: mapped MMIO address: 0xffff8000105a0000 -> 0x2c20000
Jun 17 20:29:40 dcs kernel: mc: mapped MMIO address: 0xffff8000105c0000 -> 0x2c30000
Jun 17 20:29:40 dcs kernel: mc: mapped MMIO address: 0xffff8000105e0000 -> 0x2c40000
Jun 17 20:29:40 dcs kernel: mc: mapped MMIO address: 0xffff800010600000 -> 0x2c50000
Jun 17 20:29:40 dcs kernel: mc: mapped MMIO address: 0xffff800010620000 -> 0x2b80000
Jun 17 20:29:40 dcs kernel: mc: mapped MMIO address: 0xffff800010640000 -> 0x2b90000
Jun 17 20:29:40 dcs kernel: mc: mapped MMIO address: 0xffff800010660000 -> 0x2ba0000
Jun 17 20:29:40 dcs kernel: mc: mapped MMIO address: 0xffff800010680000 -> 0x2bb0000
Jun 17 20:29:40 dcs kernel: mc: mapped MMIO address: 0xffff8000106a0000 -> 0x1700000
Jun 17 20:29:40 dcs kernel: mc: mapped MMIO address: 0xffff8000106c0000 -> 0x1710000
Jun 17 20:29:40 dcs kernel: mc: mapped MMIO address: 0xffff8000106e0000 -> 0x1720000
Jun 17 20:29:40 dcs kernel: mc: mapped MMIO address: 0xffff800010700000 -> 0x1730000
Jun 17 20:29:40 dcs kernel: mc: mapped MMIO address: 0xffff800010720000 -> 0x1740000
Jun 17 20:29:40 dcs kernel: mc: mapped MMIO address: 0xffff800010740000 -> 0x1750000
Jun 17 20:29:40 dcs kernel: mc: mapped MMIO address: 0xffff800010760000 -> 0x1760000
Jun 17 20:29:40 dcs kernel: mc: mapped MMIO address: 0xffff800010780000 -> 0x1770000
Jun 17 20:29:40 dcs kernel: mc-err: mcerr ops are set to t19x
Jun 17 20:29:40 dcs kernel: HugeTLB registered 1.00 GiB page size, pre-allocated 0 pages
Jun 17 20:29:40 dcs kernel: HugeTLB registered 32.0 MiB page size, pre-allocated 0 pages
Jun 17 20:29:40 dcs kernel: HugeTLB registered 2.00 MiB page size, pre-allocated 0 pages
Jun 17 20:29:40 dcs kernel: HugeTLB registered 64.0 KiB page size, pre-allocated 0 pages
Jun 17 20:29:40 dcs kernel: ACPI: Interpreter disabled.
Jun 17 20:29:40 dcs kernel: vdd-epb-1v0: supplied by vdd-3v3-cvb
Jun 17 20:29:40 dcs kernel: iommu: Default domain type: Translated 
Jun 17 20:29:40 dcs kernel: eventlib_kernel: keventlib is initialized, test id: 0
Jun 17 20:29:40 dcs kernel: SCSI subsystem initialized
Jun 17 20:29:40 dcs kernel: usbcore: registered new interface driver usbfs
Jun 17 20:29:40 dcs kernel: usbcore: registered new interface driver hub
Jun 17 20:29:40 dcs kernel: usbcore: registered new device driver usb
Jun 17 20:29:40 dcs kernel: mc: Linux media interface: v0.10
Jun 17 20:29:40 dcs kernel: videodev: Linux video capture interface: v2.00
Jun 17 20:29:40 dcs kernel: pps_core: LinuxPPS API ver. 1 registered
Jun 17 20:29:40 dcs kernel: pps_core: Software ver. 5.3.6 - Copyright 2005-2007 Rodolfo Giometti <giometti@linux.it>
Jun 17 20:29:40 dcs kernel: PTP clock support registered
Jun 17 20:29:40 dcs kernel: tegra_wdt_t18x 30c0000.watchdog: Expiry count is deprecated
Jun 17 20:29:40 dcs kernel: tegra_wdt_t18x 30c0000.watchdog: Tegra WDT init timeout = 120 sec
Jun 17 20:29:40 dcs kernel: tegra_wdt_t18x 30c0000.watchdog: Registered successfully
Jun 17 20:29:40 dcs kernel: Registered efivars operations
Jun 17 20:29:40 dcs kernel: FPGA manager framework
Jun 17 20:29:40 dcs kernel: Advanced Linux Sound Architecture Driver Initialized.
Jun 17 20:29:40 dcs kernel: Bluetooth: Core ver 2.22
Jun 17 20:29:40 dcs kernel: NET: Registered protocol family 31
Jun 17 20:29:40 dcs kernel: Bluetooth: HCI device and connection manager initialized
Jun 17 20:29:40 dcs kernel: Bluetooth: HCI socket layer initialized
Jun 17 20:29:40 dcs kernel: Bluetooth: L2CAP socket layer initialized
Jun 17 20:29:40 dcs kernel: Bluetooth: SCO socket layer initialized
Jun 17 20:29:40 dcs kernel: camchar: rtcpu character device driver loaded
Jun 17 20:29:40 dcs kernel: clocksource: Switched to clocksource arch_sys_counter
Jun 17 20:29:40 dcs kernel: VFS: Disk quotas dquot_6.6.0
Jun 17 20:29:40 dcs kernel: VFS: Dquot-cache hash table entries: 512 (order 0, 4096 bytes)
Jun 17 20:29:40 dcs kernel: pnp: PnP ACPI: disabled
Jun 17 20:29:40 dcs kernel: la/ptsa driver initialized.
Jun 17 20:29:40 dcs kernel: NET: Registered protocol family 2
Jun 17 20:29:40 dcs kernel: IP idents hash table entries: 131072 (order: 8, 1048576 bytes, linear)
Jun 17 20:29:40 dcs kernel: tcp_listen_portaddr_hash hash table entries: 4096 (order: 4, 65536 bytes, linear)
Jun 17 20:29:40 dcs kernel: TCP established hash table entries: 65536 (order: 7, 524288 bytes, linear)
Jun 17 20:29:40 dcs kernel: TCP bind hash table entries: 65536 (order: 8, 1048576 bytes, linear)
Jun 17 20:29:40 dcs kernel: TCP: Hash tables configured (established 65536 bind 65536)
Jun 17 20:29:40 dcs kernel: UDP hash table entries: 4096 (order: 5, 131072 bytes, linear)
Jun 17 20:29:40 dcs kernel: UDP-Lite hash table entries: 4096 (order: 5, 131072 bytes, linear)
Jun 17 20:29:40 dcs kernel: NET: Registered protocol family 1
Jun 17 20:29:40 dcs kernel: RPC: Registered named UNIX socket transport module.
Jun 17 20:29:40 dcs kernel: RPC: Registered udp transport module.
Jun 17 20:29:40 dcs kernel: RPC: Registered tcp transport module.
Jun 17 20:29:40 dcs kernel: RPC: Registered tcp NFSv4.1 backchannel transport module.
Jun 17 20:29:40 dcs kernel: PCI: CLS 0 bytes, default 64
Jun 17 20:29:40 dcs kernel: Trying to unpack rootfs image as initramfs...
Jun 17 20:29:40 dcs kernel: Freeing initrd memory: 9552K
Jun 17 20:29:40 dcs kernel: hw perfevents: enabled with armv8_pmuv3 PMU driver, 7 counters available
Jun 17 20:29:40 dcs kernel: kvm [1]: IPA Size Limit: 40 bits
Jun 17 20:29:40 dcs kernel: kvm [1]: vgic interrupt IRQ9
Jun 17 20:29:40 dcs kernel: kvm [1]: VHE mode initialized successfully
Jun 17 20:29:40 dcs kernel: Initialise system trusted keyrings
Jun 17 20:29:40 dcs kernel: workingset: timestamp_bits=46 max_order=21 bucket_order=0
Jun 17 20:29:40 dcs kernel: squashfs: version 4.0 (2009/01/31) Phillip Lougher
Jun 17 20:29:40 dcs kernel: NFS: Registering the id_resolver key type
Jun 17 20:29:40 dcs kernel: Key type id_resolver registered
Jun 17 20:29:40 dcs kernel: Key type id_legacy registered
Jun 17 20:29:40 dcs kernel: nfs4filelayout_init: NFSv4 File Layout Driver Registering...
Jun 17 20:29:40 dcs kernel: nfs4flexfilelayout_init: NFSv4 Flexfile Layout Driver Registering...
Jun 17 20:29:40 dcs kernel: ntfs: driver 2.1.32 [Flags: R/W].
Jun 17 20:29:40 dcs kernel: NET: Registered protocol family 38
Jun 17 20:29:40 dcs kernel: Key type asymmetric registered
Jun 17 20:29:40 dcs kernel: Asymmetric key parser 'x509' registered
Jun 17 20:29:40 dcs kernel: Block layer SCSI generic (bsg) driver version 0.4 loaded (major 239)
Jun 17 20:29:40 dcs kernel: io scheduler mq-deadline registered
Jun 17 20:29:40 dcs kernel: io scheduler kyber registered
Jun 17 20:29:40 dcs kernel: tegra-pwm 3280000.pwm: PWM clk can sleep in ops
Jun 17 20:29:40 dcs kernel: tegra-pwm c340000.pwm: PWM clk can sleep in ops
Jun 17 20:29:40 dcs kernel: tegra-pwm 32c0000.pwm: PWM clk can sleep in ops
Jun 17 20:29:40 dcs kernel: tegra-pwm 32d0000.pwm: PWM clk can sleep in ops
Jun 17 20:29:40 dcs kernel: tegra-pwm 32f0000.pwm: PWM clk can sleep in ops
Jun 17 20:29:40 dcs kernel: scrncapt: init (heads:4 wins:6 planes:4)
Jun 17 20:29:40 dcs kernel: tegradccommon 15200000.display-hub: Nvhost Channel map failed
Jun 17 20:29:40 dcs kernel: EINJ: ACPI disabled.
Jun 17 20:29:40 dcs kernel: tegra-pmc c360000.pmc: scratch reg offset dts data not present
Jun 17 20:29:40 dcs kernel: tegra-pmc: ### PMC reset source: SYS_RESET_N
Jun 17 20:29:40 dcs kernel: tegra-pmc: ### PMC reset level: L0
Jun 17 20:29:40 dcs kernel: tegra-pmc: ### PMC reset status reg: 0x0
Jun 17 20:29:40 dcs kernel: tegra-pmc: PMC Prod config success
Jun 17 20:29:40 dcs kernel: Serial: 8250/16550 driver, 4 ports, IRQ sharing enabled
Jun 17 20:29:40 dcs kernel: printk: console [ttyTCU0] enabled
Jun 17 20:29:40 dcs kernel: arm-smmu 10000000.iommu: probing hardware configuration...
Jun 17 20:29:40 dcs kernel: arm-smmu 10000000.iommu: SMMUv2 with:
Jun 17 20:29:40 dcs kernel: arm-smmu 10000000.iommu:         stage 1 translation
Jun 17 20:29:40 dcs kernel: arm-smmu 10000000.iommu:         stage 2 translation
Jun 17 20:29:40 dcs kernel: arm-smmu 10000000.iommu:         nested translation
Jun 17 20:29:40 dcs kernel: arm-smmu 10000000.iommu:         stream matching with 128 register groups
Jun 17 20:29:40 dcs kernel: arm-smmu 10000000.iommu:         64 context banks (0 stage-2 only)
Jun 17 20:29:40 dcs kernel: arm-smmu 10000000.iommu:         Supported page sizes: 0x00001000
Jun 17 20:29:40 dcs kernel: arm-smmu 10000000.iommu:         Stage-1: 48-bit VA -> 48-bit IPA
Jun 17 20:29:40 dcs kernel: arm-smmu 10000000.iommu:         Stage-2: 48-bit IPA -> 48-bit PA
Jun 17 20:29:40 dcs kernel: arm-smmu 12000000.iommu: probing hardware configuration...
Jun 17 20:29:40 dcs kernel: arm-smmu 12000000.iommu: SMMUv2 with:
Jun 17 20:29:40 dcs kernel: arm-smmu 12000000.iommu:         stage 1 translation
Jun 17 20:29:40 dcs kernel: arm-smmu 12000000.iommu:         stage 2 translation
Jun 17 20:29:40 dcs kernel: arm-smmu 12000000.iommu:         nested translation
Jun 17 20:29:40 dcs kernel: arm-smmu 12000000.iommu:         stream matching with 128 register groups
Jun 17 20:29:40 dcs kernel: arm-smmu 12000000.iommu:         64 context banks (0 stage-2 only)
Jun 17 20:29:40 dcs kernel: arm-smmu 12000000.iommu:         Supported page sizes: 0x00001000
Jun 17 20:29:40 dcs kernel: arm-smmu 12000000.iommu:         Stage-1: 48-bit VA -> 48-bit IPA
Jun 17 20:29:40 dcs kernel: arm-smmu 12000000.iommu:         Stage-2: 48-bit IPA -> 48-bit PA
Jun 17 20:29:40 dcs kernel: arm-smmu-suspend 12000000.smmu_suspend: arm_smmu_suspend probe successful
Jun 17 20:29:40 dcs kernel: tegra_profiler: version: 1.151, samples/io: 51/30
Jun 17 20:29:40 dcs kernel: tegra_profiler: auth: init
Jun 17 20:29:40 dcs kernel: THERMAL EST: found 3 subdevs
Jun 17 20:29:40 dcs kernel: THERMAL EST num_resources: 0
Jun 17 20:29:40 dcs kernel: [THERMAL EST subdev 0]
Jun 17 20:29:40 dcs kernel: [THERMAL EST subdev 1]
Jun 17 20:29:40 dcs kernel: [THERMAL EST subdev 2]
Jun 17 20:29:40 dcs kernel: THERMAL EST: Found 2 profiles, default profile is quiet
Jun 17 20:29:40 dcs kernel: THERMAL EST: thz register success.
Jun 17 20:29:40 dcs kernel: THERMAL EST: end of probe, return err: 0
Jun 17 20:29:40 dcs kernel: nvsciipc: loaded module
Jun 17 20:29:40 dcs kernel: tun: Universal TUN/TAP device driver, 1.6
Jun 17 20:29:40 dcs kernel: hns3: Hisilicon Ethernet Network Driver for Hip08 Family - version
Jun 17 20:29:40 dcs kernel: hns3: Copyright (c) 2017 Huawei Corporation.
Jun 17 20:29:40 dcs kernel: e1000e: Intel(R) PRO/1000 Network Driver
Jun 17 20:29:40 dcs kernel: e1000e: Copyright(c) 1999 - 2015 Intel Corporation.
Jun 17 20:29:40 dcs kernel: igb: Intel(R) Gigabit Ethernet Network Driver
Jun 17 20:29:40 dcs kernel: igb: Copyright (c) 2007-2014 Intel Corporation.
Jun 17 20:29:40 dcs kernel: PPP generic driver version 2.4.2
Jun 17 20:29:40 dcs kernel: PPP BSD Compression module registered
Jun 17 20:29:40 dcs kernel: PPP Deflate Compression module registered
Jun 17 20:29:40 dcs kernel: PPP MPPE Compression module registered
Jun 17 20:29:40 dcs kernel: usbcore: registered new interface driver r8152
Jun 17 20:29:40 dcs kernel: usbcore: registered new interface driver asix
Jun 17 20:29:40 dcs kernel: usbcore: registered new interface driver ax88179_178a
Jun 17 20:29:40 dcs kernel: usbcore: registered new interface driver cdc_ether
Jun 17 20:29:40 dcs kernel: usbcore: registered new interface driver net1080
Jun 17 20:29:40 dcs kernel: usbcore: registered new interface driver cdc_subset
Jun 17 20:29:40 dcs kernel: usbcore: registered new interface driver zaurus
Jun 17 20:29:40 dcs kernel: usbcore: registered new interface driver cdc_ncm
Jun 17 20:29:40 dcs kernel: usbcore: registered new interface driver aqc111
Jun 17 20:29:40 dcs kernel: ohci_hcd: USB 1.1 'Open' Host Controller (OHCI) Driver
Jun 17 20:29:40 dcs kernel: ohci-pci: OHCI PCI platform driver
Jun 17 20:29:40 dcs kernel: ohci-platform: OHCI generic platform driver
Jun 17 20:29:40 dcs kernel: tegra-xusb 3610000.xhci: Adding to iommu group 0
Jun 17 20:29:40 dcs kernel: usbcore: registered new interface driver uas
Jun 17 20:29:40 dcs kernel: usbcore: registered new interface driver usb-storage
Jun 17 20:29:40 dcs kernel: tegra-xudc 3550000.xudc: Adding to iommu group 1
Jun 17 20:29:40 dcs kernel: mousedev: PS/2 mouse device common for all mice
Jun 17 20:29:40 dcs kernel: usbcore: registered new interface driver xpad
Jun 17 20:29:40 dcs kernel: tegra_rtc c2a0000.rtc: registered as rtc1
Jun 17 20:29:40 dcs kernel: tegra_rtc c2a0000.rtc: setting system clock to 1970-01-01T00:00:28 UTC (28)
Jun 17 20:29:40 dcs kernel: tegra_rtc c2a0000.rtc: Tegra internal Real Time Clock
Jun 17 20:29:40 dcs kernel: i2c /dev entries driver
Jun 17 20:29:40 dcs kernel: tegra-i2c 3160000.i2c: Adding to iommu group 2
Jun 17 20:29:40 dcs kernel: tegra-i2c c240000.i2c: Adding to iommu group 2
Jun 17 20:29:40 dcs kernel: tegra-i2c 3180000.i2c: Adding to iommu group 2
Jun 17 20:29:40 dcs kernel: tegra-i2c 3190000.i2c: Adding to iommu group 2
Jun 17 20:29:40 dcs kernel: tegra-i2c 31b0000.i2c: Adding to iommu group 2
Jun 17 20:29:40 dcs kernel: tegra-i2c 31c0000.i2c: Adding to iommu group 2
Jun 17 20:29:40 dcs kernel: tegra-i2c c250000.i2c: Adding to iommu group 2
Jun 17 20:29:40 dcs kernel: tegra-camrtc-capture-vi tegra-capture-vi: Invalid NVCSI stream Id
Jun 17 20:29:40 dcs kernel: tegra-oc-event d280000.soctherm-oc-event: OC driver initialized
Jun 17 20:29:40 dcs kernel: device-mapper: uevent: version 1.0.3
Jun 17 20:29:40 dcs kernel: device-mapper: ioctl: 4.43.0-ioctl (2020-10-01) initialised: dm-devel@redhat.com
Jun 17 20:29:40 dcs kernel: cpuidle: Initializing cpuidle driver
Jun 17 20:29:40 dcs kernel: sdhci: Secure Digital Host Controller Interface driver
Jun 17 20:29:40 dcs kernel: sdhci: Copyright(c) Pierre Ossman
Jun 17 20:29:40 dcs kernel: Synopsys Designware Multimedia Card Interface Driver
Jun 17 20:29:40 dcs kernel: sdhci-pltfm: SDHCI platform and OF driver helper
Jun 17 20:29:40 dcs kernel: sdhci-tegra 3460000.sdhci: Adding to iommu group 3
Jun 17 20:29:40 dcs kernel: sdhci-tegra 3440000.sdhci: Adding to iommu group 4
Jun 17 20:29:40 dcs kernel: SMCCC: SOC_ID: ID = jep106:036b:0019 Revision = 0x00000102
Jun 17 20:29:40 dcs kernel: tegra-bpmp bpmp: firmware: 128431eec76692047e1ac1ebc0392266
Jun 17 20:29:40 dcs kernel: max77620 4-003c: PMIC Version OTP:0x51 and ES:0x1
Jun 17 20:29:40 dcs kernel: vdd-1v0: supplied by regulator-dummy
Jun 17 20:29:40 dcs kernel: vdd-1v8-hs: supplied by regulator-dummy
Jun 17 20:29:40 dcs kernel: vdd-1v8-ls: supplied by regulator-dummy
Jun 17 20:29:40 dcs kernel: vdd-1v8-ao: supplied by regulator-dummy
Jun 17 20:29:40 dcs kernel: vddio-ddr-1v1: supplied by regulator-dummy
Jun 17 20:29:40 dcs kernel: vdd-rtc: supplied by regulator-dummy
Jun 17 20:29:40 dcs kernel: spmic-ldo1: supplied by regulator-dummy
Jun 17 20:29:40 dcs kernel: vdd-ao-3v3: supplied by regulator-dummy
Jun 17 20:29:40 dcs kernel: vddio-emmc-3v3: supplied by regulator-dummy
Jun 17 20:29:40 dcs kernel: spmic-ldo4: supplied by regulator-dummy
Jun 17 20:29:40 dcs kernel: vdd-usb-3v3: supplied by regulator-dummy
Jun 17 20:29:40 dcs kernel: vddio-sdmmc1-3v3: supplied by regulator-dummy
Jun 17 20:29:40 dcs kernel: vdd-csi-1v2: supplied by vdd-1v8-ls
Jun 17 20:29:40 dcs kernel: spmic-ldo8: supplied by vdd-1v8-ls
Jun 17 20:29:40 dcs kernel: gpio-510 (gpio_default): hogged as output/high
Jun 17 20:29:40 dcs kernel: gpio-511 (gpio_default): hogged as output/high
Jun 17 20:29:40 dcs kernel: gpiochip0: registered GPIOs 504 to 511 on max77620-gpio
Jun 17 20:29:40 dcs kernel: max77686-rtc max77620-rtc: registered as rtc0
Jun 17 20:29:40 dcs kernel: max77620-power max20024-power: Event recorder REG_NVERC : 0x44
Jun 17 20:29:40 dcs kernel: max77620 4-003c: max77620 probe successful
Jun 17 20:29:40 dcs kernel: tegra-se-elp 3ad0000.se_elp: tegra_se_elp_probe: complete
Jun 17 20:29:40 dcs kernel: hid: raw HID events driver (C) Jiri Kosina
Jun 17 20:29:40 dcs kernel: usbcore: registered new interface driver usbhid
Jun 17 20:29:40 dcs kernel: usbhid: USB HID core driver
Jun 17 20:29:40 dcs kernel: tegra186-cam-rtcpu bc00000.rtcpu: Adding to iommu group 5
Jun 17 20:29:40 dcs kernel: tegra186-cam-rtcpu bc00000.rtcpu: Trace buffer configured at IOVA=0xbff00000
Jun 17 20:29:40 dcs kernel: tegra-ivc-bus bc00000.rtcpu:ivc-bus: region 0: iova=0xbfec0000-0xbfee01ff size=131584
Jun 17 20:29:40 dcs kernel: tegra-ivc-bus bc00000.rtcpu:ivc-bus:echo@0: echo: ver=0 grp=1 RX[16x64]=0x1000-0x1480 TX[16x64]=0x1480-0x1900
Jun 17 20:29:40 dcs kernel: tegra-ivc-bus bc00000.rtcpu:ivc-bus:dbg@1: dbg: ver=0 grp=1 RX[1x448]=0x1900-0x1b40 TX[1x448]=0x1b40-0x1d80
Jun 17 20:29:40 dcs kernel: tegra-ivc-bus bc00000.rtcpu:ivc-bus:dbg@2: dbg: ver=0 grp=1 RX[1x8192]=0x1d80-0x3e00 TX[1x8192]=0x3e00-0x5e80
Jun 17 20:29:40 dcs kernel: tegra-ivc-bus bc00000.rtcpu:ivc-bus:ivccontrol@3: ivccontrol: ver=0 grp=1 RX[64x320]=0x5e80-0xaf00 TX[64x320]=0xaf00-0xff80
Jun 17 20:29:40 dcs kernel: tegra-ivc-bus bc00000.rtcpu:ivc-bus:ivccapture@4: ivccapture: ver=0 grp=1 RX[512x64]=0xff80-0x18000 TX[512x64]=0x18000-0x20080
Jun 17 20:29:40 dcs kernel: tegra-ivc-bus bc00000.rtcpu:ivc-bus:diag@5: diag: ver=0 grp=1 RX[1x64]=0x20080-0x20140 TX[1x64]=0x20140-0x20200
Jun 17 20:29:40 dcs kernel: tegra186-cam-rtcpu bc00000.rtcpu: using cam RTCPU IRQ (49)
Jun 17 20:29:40 dcs kernel: tegra186-cam-rtcpu bc00000.rtcpu: tegra_camrtc_mon_create is successful
Jun 17 20:29:40 dcs kernel: tegra186-cam-rtcpu bc00000.rtcpu: firmware version cpu=rce cmd=6 sha1=058eec606b43624552a5258fda5b4f3967bdfde1
Jun 17 20:29:40 dcs kernel: tegra_aon c1a0000.aon: Adding to iommu group 6
Jun 17 20:29:40 dcs kernel: tegra_aon c1a0000.aon: tegra aon driver probe OK
Jun 17 20:29:40 dcs kernel: tegra186-aondbg aondbg: aondbg driver probe() OK
Jun 17 20:29:40 dcs kernel: denver_knobs_init:MTS_VERSION:55637613
Jun 17 20:29:40 dcs kernel: t19x_cache tegra-cache: probed
Jun 17 20:29:40 dcs kernel: optee: probing for conduit method.
Jun 17 20:29:40 dcs kernel: optee: revision 3.21 (d8269f24)
Jun 17 20:29:40 dcs kernel: optee: dynamic shared memory is enabled
Jun 17 20:29:40 dcs kernel: optee: initialized driver
Jun 17 20:29:40 dcs kernel: tegra_hv: get_hvd: not initialized yet
Jun 17 20:29:40 dcs kernel: user_ivc_mempool: hypervisor not present
Jun 17 20:29:40 dcs kernel: usbcore: registered new interface driver snd-usb-audio
Jun 17 20:29:40 dcs kernel: u32 classifier
Jun 17 20:29:40 dcs kernel:     input device check on
Jun 17 20:29:40 dcs kernel:     Actions configured
Jun 17 20:29:40 dcs kernel: Initializing XFRM netlink socket
Jun 17 20:29:40 dcs kernel: NET: Registered protocol family 10
Jun 17 20:29:40 dcs kernel: Segment Routing with IPv6
Jun 17 20:29:40 dcs kernel: NET: Registered protocol family 17
Jun 17 20:29:40 dcs kernel: NET: Registered protocol family 15
Jun 17 20:29:40 dcs kernel: bridge: filtering via arp/ip/ip6tables is no longer available by default. Update your scripts to load br_netfilter if you need this.
Jun 17 20:29:40 dcs kernel: Bluetooth: RFCOMM socket layer initialized
Jun 17 20:29:40 dcs kernel: Bluetooth: RFCOMM ver 1.11
Jun 17 20:29:40 dcs kernel: Bluetooth: HIDP (Human Interface Emulation) ver 1.2
Jun 17 20:29:40 dcs kernel: Bluetooth: HIDP socket layer initialized
Jun 17 20:29:40 dcs kernel: 9pnet: Installing 9P2000 support
Jun 17 20:29:40 dcs kernel: Key type dns_resolver registered
Jun 17 20:29:40 dcs kernel: registered taskstats version 1
Jun 17 20:29:40 dcs kernel: Loading compiled-in X.509 certificates
Jun 17 20:29:40 dcs kernel: Loaded X.509 cert 'Build time autogenerated kernel key: 7191c9a175b18c555a77207caa89295545dbaf6a'
Jun 17 20:29:40 dcs kernel: tegra194-pcie 14160000.pcie: Adding to iommu group 7
Jun 17 20:29:40 dcs kernel: tegra194-pcie 14160000.pcie: host bridge /pcie@14160000 ranges:
Jun 17 20:29:40 dcs kernel: tegra194-pcie 14160000.pcie:       IO 0x0036100000..0x00361fffff -> 0x0036100000
Jun 17 20:29:40 dcs kernel: tegra194-pcie 14160000.pcie:      MEM 0x1400000000..0x173fffffff -> 0x1400000000
Jun 17 20:29:40 dcs kernel: tegra194-pcie 14160000.pcie:      MEM 0x1740000000..0x17ffffffff -> 0x0040000000
Jun 17 20:29:40 dcs kernel: tegra194-pcie 14160000.pcie: Link up
Jun 17 20:29:40 dcs kernel: tegra194-pcie 14160000.pcie: PCI host bridge to bus 0004:00
Jun 17 20:29:40 dcs kernel: pci_bus 0004:00: root bus resource [bus 00-ff]
Jun 17 20:29:40 dcs kernel: pci_bus 0004:00: root bus resource [io  0x0000-0xfffff] (bus address [0x36100000-0x361fffff])
Jun 17 20:29:40 dcs kernel: pci_bus 0004:00: root bus resource [mem 0x1400000000-0x173fffffff pref]
Jun 17 20:29:40 dcs kernel: pci_bus 0004:00: root bus resource [mem 0x1740000000-0x17ffffffff] (bus address [0x40000000-0xffffffff])
Jun 17 20:29:40 dcs kernel: pci 0004:00:00.0: [10de:1ad1] type 01 class 0x060400
Jun 17 20:29:40 dcs kernel: pci 0004:00:00.0: PME# supported from D0 D3hot D3cold
Jun 17 20:29:40 dcs kernel: pci 0004:01:00.0: [8086:2526] type 00 class 0x028000
Jun 17 20:29:40 dcs kernel: pci 0004:01:00.0: reg 0x10: [mem 0x00000000-0x00003fff 64bit]
Jun 17 20:29:40 dcs kernel: pci 0004:01:00.0: PME# supported from D0 D3hot D3cold
Jun 17 20:29:40 dcs kernel: pci 0004:00:00.0: BAR 14: assigned [mem 0x1740000000-0x17400fffff]
Jun 17 20:29:40 dcs kernel: pci 0004:01:00.0: BAR 0: assigned [mem 0x1740000000-0x1740003fff 64bit]
Jun 17 20:29:40 dcs kernel: pci 0004:00:00.0: PCI bridge to [bus 01-ff]
Jun 17 20:29:40 dcs kernel: pci 0004:00:00.0:   bridge window [mem 0x1740000000-0x17400fffff]
Jun 17 20:29:40 dcs kernel: pci 0004:00:00.0: Max Payload Size set to  128/ 256 (was  256), Max Read Rq  512
Jun 17 20:29:40 dcs kernel: pci 0004:01:00.0: Max Payload Size set to  128/ 128 (was  128), Max Read Rq  128
Jun 17 20:29:40 dcs kernel: pcieport 0004:00:00.0: Adding to iommu group 7
Jun 17 20:29:40 dcs kernel: pcieport 0004:00:00.0: PME: Signaling with IRQ 24
Jun 17 20:29:40 dcs kernel: pcieport 0004:00:00.0: AER: enabled with IRQ 24
Jun 17 20:29:40 dcs kernel: tegra194-pcie 141a0000.pcie: Adding to iommu group 8
Jun 17 20:29:40 dcs kernel: tegra194-pcie 141a0000.pcie: host bridge /pcie@141a0000 ranges:
Jun 17 20:29:40 dcs kernel: tegra194-pcie 141a0000.pcie:       IO 0x003a100000..0x003a1fffff -> 0x003a100000
Jun 17 20:29:40 dcs kernel: tegra194-pcie 141a0000.pcie:      MEM 0x1c00000000..0x1f3fffffff -> 0x1c00000000
Jun 17 20:29:40 dcs kernel: tegra194-pcie 141a0000.pcie:      MEM 0x1f40000000..0x1fffffffff -> 0x0040000000
Jun 17 20:29:40 dcs kernel: tegra194-pcie 141a0000.pcie: Phy link never came up
Jun 17 20:29:40 dcs kernel: tegra194-pcie 141a0000.pcie: PCI host bridge to bus 0005:00
Jun 17 20:29:40 dcs kernel: pci_bus 0005:00: root bus resource [bus 00-ff]
Jun 17 20:29:40 dcs kernel: pci_bus 0005:00: root bus resource [io  0x100000-0x1fffff] (bus address [0x3a100000-0x3a1fffff])
Jun 17 20:29:40 dcs kernel: pci_bus 0005:00: root bus resource [mem 0x1c00000000-0x1f3fffffff pref]
Jun 17 20:29:40 dcs kernel: pci_bus 0005:00: root bus resource [mem 0x1f40000000-0x1fffffffff] (bus address [0x40000000-0xffffffff])
Jun 17 20:29:40 dcs kernel: pci 0005:00:00.0: [10de:1ad0] type 01 class 0x060400
Jun 17 20:29:40 dcs kernel: pci 0005:00:00.0: PME# supported from D0 D3hot D3cold
Jun 17 20:29:40 dcs kernel: pci 0005:00:00.0: PCI bridge to [bus 01-ff]
Jun 17 20:29:40 dcs kernel: pci 0005:00:00.0: Max Payload Size set to  256/ 256 (was  256), Max Read Rq  512
Jun 17 20:29:40 dcs kernel: pcieport 0005:00:00.0: Adding to iommu group 8
Jun 17 20:29:40 dcs kernel: pcieport 0005:00:00.0: PME: Signaling with IRQ 26
Jun 17 20:29:40 dcs kernel: pcieport 0005:00:00.0: AER: enabled with IRQ 26
Jun 17 20:29:40 dcs kernel: pci_bus 0005:01: busn_res: [bus 01-ff] is released
Jun 17 20:29:40 dcs kernel: pci 0005:00:00.0: Removing from iommu group 8
Jun 17 20:29:40 dcs kernel: pci_bus 0005:00: busn_res: [bus 00-ff] is released
Jun 17 20:29:40 dcs kernel: host1x 13e10000.host1x: Adding to iommu group 9
Jun 17 20:29:40 dcs kernel: host1x 13e10000.host1x: initialized
Jun 17 20:29:40 dcs kernel: iommu_context_dev 13e10000.host1x:ctx0: Adding to iommu group 10
Jun 17 20:29:40 dcs kernel: iommu_context_dev 13e10000.host1x:ctx0: initialized (streamid=56, iommu=smmu.0x0000000012000000)
Jun 17 20:29:40 dcs kernel: iommu_context_dev 13e10000.host1x:ctx1: Adding to iommu group 11
Jun 17 20:29:40 dcs kernel: iommu_context_dev 13e10000.host1x:ctx1: initialized (streamid=57, iommu=smmu.0x0000000012000000)
Jun 17 20:29:40 dcs kernel: iommu_context_dev 13e10000.host1x:ctx2: Adding to iommu group 12
Jun 17 20:29:40 dcs kernel: iommu_context_dev 13e10000.host1x:ctx2: initialized (streamid=58, iommu=smmu.0x0000000012000000)
Jun 17 20:29:40 dcs kernel: iommu_context_dev 13e10000.host1x:ctx3: Adding to iommu group 13
Jun 17 20:29:40 dcs kernel: iommu_context_dev 13e10000.host1x:ctx3: initialized (streamid=59, iommu=smmu.0x0000000012000000)
Jun 17 20:29:40 dcs kernel: iommu_context_dev 13e10000.host1x:ctx4: Adding to iommu group 14
Jun 17 20:29:40 dcs kernel: iommu_context_dev 13e10000.host1x:ctx4: initialized (streamid=60, iommu=smmu.0x0000000012000000)
Jun 17 20:29:40 dcs kernel: iommu_context_dev 13e10000.host1x:ctx5: Adding to iommu group 15
Jun 17 20:29:40 dcs kernel: iommu_context_dev 13e10000.host1x:ctx5: initialized (streamid=61, iommu=smmu.0x0000000012000000)
Jun 17 20:29:40 dcs kernel: iommu_context_dev 13e10000.host1x:ctx6: Adding to iommu group 16
Jun 17 20:29:40 dcs kernel: iommu_context_dev 13e10000.host1x:ctx6: initialized (streamid=62, iommu=smmu.0x0000000012000000)
Jun 17 20:29:40 dcs kernel: iommu_context_dev 13e10000.host1x:ctx7: Adding to iommu group 17
Jun 17 20:29:40 dcs kernel: iommu_context_dev 13e10000.host1x:ctx7: initialized (streamid=63, iommu=smmu.0x0000000012000000)
Jun 17 20:29:40 dcs kernel: falcon 15340000.vic: Adding to iommu group 18
Jun 17 20:29:40 dcs kernel: falcon 15340000.vic: initialized
Jun 17 20:29:40 dcs kernel: falcon 15380000.nvjpg: Adding to iommu group 18
Jun 17 20:29:40 dcs kernel: falcon 15380000.nvjpg: initialized
Jun 17 20:29:40 dcs kernel: falcon 154c0000.nvenc: Adding to iommu group 18
Jun 17 20:29:40 dcs kernel: falcon 154c0000.nvenc: initialized
Jun 17 20:29:40 dcs kernel: falcon 15a80000.nvenc1: Adding to iommu group 18
Jun 17 20:29:40 dcs kernel: falcon 15a80000.nvenc1: initialized
Jun 17 20:29:40 dcs kernel: nvdec 15480000.nvdec: Adding to iommu group 18
Jun 17 20:29:40 dcs kernel: nvdec 15480000.nvdec: initialized
Jun 17 20:29:40 dcs kernel: nvdec 15140000.nvdec1: Adding to iommu group 18
Jun 17 20:29:40 dcs kernel: nvdec 15140000.nvdec1: initialized
Jun 17 20:29:40 dcs kernel: tsec 15500000.tsec: Adding to iommu group 19
Jun 17 20:29:40 dcs kernel: tsec 15500000.tsec: initialized
Jun 17 20:29:40 dcs kernel: tsec 15100000.tsecb: Adding to iommu group 20
Jun 17 20:29:40 dcs kernel: tsec 15100000.tsecb: initialized
Jun 17 20:29:40 dcs kernel: gic 2a41000.agic-controller: GIC IRQ controller registered
Jun 17 20:29:40 dcs kernel: tegra-aconnect aconnect@2a41000: Tegra ACONNECT bus registered
Jun 17 20:29:40 dcs kernel: gpio-374 (wifi-enable): hogged as output/high
Jun 17 20:29:40 dcs kernel: gpiochip1: registered GPIOs 335 to 503 on tegra194-gpio
Jun 17 20:29:40 dcs kernel: gpiochip2: registered GPIOs 305 to 334 on tegra194-gpio-aon
Jun 17 20:29:40 dcs kernel: tegra-pwm 3280000.pwm: PWM clk can sleep in ops
Jun 17 20:29:40 dcs kernel: tegra-pwm c340000.pwm: PWM clk can sleep in ops
Jun 17 20:29:40 dcs kernel: tegra-pwm 32c0000.pwm: PWM clk can sleep in ops
Jun 17 20:29:40 dcs kernel: tegra-pwm 32d0000.pwm: PWM clk can sleep in ops
Jun 17 20:29:40 dcs kernel: tegra-pwm 32f0000.pwm: PWM clk can sleep in ops
Jun 17 20:29:40 dcs kernel: misc tegra_camera_ctrl: tegra_camera_isomgr_register isp_iso_bw=4687500, vi_iso_bw=4500000, max_bw=4687500
Jun 17 20:29:40 dcs kernel: tegra194-isp5 13e10000.host1x:isp@14800000: Adding to iommu group 21
Jun 17 20:29:40 dcs kernel: t194-nvcsi 13e10000.host1x:nvcsi@15a00000: context isolation disabled due to no IOMMU
Jun 17 20:29:40 dcs kernel: t194-nvcsi 13e10000.host1x:nvcsi@15a00000: initialized
Jun 17 20:29:40 dcs kernel: tegra-camrtc-capture-vi tegra-capture-vi: subdev 13e10000.host1x:nvcsi@15a00000- bound
Jun 17 20:29:40 dcs kernel: tegra-camrtc-capture-vi tegra-capture-vi: subdev 13e10000.host1x:nvcsi@15a00000- bound
Jun 17 20:29:40 dcs kernel: tegra-camrtc-capture-vi tegra-capture-vi: subdev 13e10000.host1x:nvcsi@15a00000- bound
Jun 17 20:29:40 dcs kernel: tegra-camrtc-capture-vi tegra-capture-vi: subdev 13e10000.host1x:nvcsi@15a00000- bound
Jun 17 20:29:40 dcs kernel: tegra-camrtc-capture-vi tegra-capture-vi: subdev 13e10000.host1x:nvcsi@15a00000- bound
Jun 17 20:29:40 dcs kernel: tegra-camrtc-capture-vi tegra-capture-vi: subdev 13e10000.host1x:nvcsi@15a00000- bound
Jun 17 20:29:40 dcs kernel: tegra194-vi5 15c10000.vi: Adding to iommu group 22
Jun 17 20:29:40 dcs kernel: scare-pigeon 13e10000.host1x:vi-thi@15f00000: context isolation disabled due to no IOMMU
Jun 17 20:29:40 dcs kernel: scare-pigeon 13e10000.host1x:vi-thi@15f00000: initialized
Jun 17 20:29:40 dcs kernel: scare-pigeon 13e10000.host1x:isp-thi@14b00000: context isolation disabled due to no IOMMU
Jun 17 20:29:40 dcs kernel: scare-pigeon 13e10000.host1x:isp-thi@14b00000: initialized
Jun 17 20:29:40 dcs kernel: pva 16000000.pva0: Adding to iommu group 23
Jun 17 20:29:40 dcs kernel: pva 16000000.pva0: initialized
Jun 17 20:29:40 dcs kernel: pva 16800000.pva1: Adding to iommu group 24
Jun 17 20:29:40 dcs kernel: pva 16800000.pva1: initialized
Jun 17 20:29:40 dcs kernel: nvdla 15880000.nvdla0: Adding to iommu group 25
Jun 17 20:29:40 dcs kernel: nvdla 15880000.nvdla0: initialized
Jun 17 20:29:40 dcs kernel: nvdla 158c0000.nvdla1: Adding to iommu group 26
Jun 17 20:29:40 dcs kernel: nvdla 158c0000.nvdla1: initialized
Jun 17 20:29:40 dcs kernel: tegradccommon 15200000.display-hub: host1x channel mapped
Jun 17 20:29:40 dcs kernel: tegradccommon 15200000.display-hub: dc_common syncpt # 1 allocated
Jun 17 20:29:40 dcs kernel: tegradc 15200000.display: Adding to iommu group 27
Jun 17 20:29:40 dcs kernel: tegradccommon 15200000.display-hub: dma mapping done
Jun 17 20:29:40 dcs kernel: tegradc 15210000.display: Adding to iommu group 27
Jun 17 20:29:40 dcs kernel: tegradc 15200000.display: disp0 connected to head0->sor1
Jun 17 20:29:40 dcs kernel: generic_infoframe_type: 0x87
Jun 17 20:29:40 dcs kernel: tegradc 15200000.display: DT parsed successfully
Jun 17 20:29:40 dcs kernel: tegra_cec 3960000.tegra_cec: dt=1 start=0x03960000 end=0x03960FFF irq=63
Jun 17 20:29:40 dcs kernel: tegradc 15200000.display: Display dc.(____ptrval____) registered with id=0
Jun 17 20:29:40 dcs kernel: tegra_cec 3960000.tegra_cec: Unpowergated DISP
Jun 17 20:29:40 dcs kernel: tegra_cec 3960000.tegra_cec: Enable clock result: 0.
Jun 17 20:29:40 dcs kernel: tegra_nvdisp_bandwidth_register_max_config: max config iso bw = 15681600 KB/s
Jun 17 20:29:40 dcs kernel: tegra_cec 3960000.tegra_cec: tegra_cec_init started
Jun 17 20:29:40 dcs kernel: tegra_nvdisp_bandwidth_register_max_config: max config EMC floor = 933000000 Hz
Jun 17 20:29:40 dcs kernel: tegra_nvdisp_bandwidth_register_max_config: max config hubclk = 300000000 Hz
Jun 17 20:29:40 dcs kernel: tegra_cec 3960000.tegra_cec: cec_add_sysfs ret=0
Jun 17 20:29:40 dcs kernel: tegradc 15200000.display: vblank syncpt # 8 for dc 0
Jun 17 20:29:40 dcs kernel: tegra_cec 3960000.tegra_cec: probed
Jun 17 20:29:40 dcs kernel: tegradc 15200000.display: vpulse3 syncpt # 9 for dc 0
Jun 17 20:29:40 dcs kernel: tegra-gpcdma 2600000.dma: Adding to iommu group 2
Jun 17 20:29:40 dcs kernel: tegradc 15200000.display: hdmi: can't get adpater for ddc bus 3
Jun 17 20:29:40 dcs kernel: tegra-gpcdma 2600000.dma: GPC DMA driver register 31 channels
Jun 17 20:29:40 dcs kernel: tegradc 15200000.display: out->type:1 out_ops->init err = -517
Jun 17 20:29:40 dcs kernel: kfuse 3830000.kfuse: initialized
Jun 17 20:29:40 dcs kernel: tegradc 15210000.display: disp0 connected to head1->sor
Jun 17 20:29:40 dcs kernel: tegra-fuse-burn efuse-burn: shutdown limit check disabled
Jun 17 20:29:40 dcs kernel: tegradc 15210000.display: parse_dp_settings: No dp-lt-settings node
Jun 17 20:29:40 dcs kernel: tegra-fuse-burn efuse-burn: Fuse burn driver initialized
Jun 17 20:29:40 dcs kernel: serial-tegra 3100000.serial: Adding to iommu group 2
Jun 17 20:29:40 dcs kernel: tegradc 15210000.display: DT parsed successfully
Jun 17 20:29:40 dcs kernel: 3100000.serial: ttyTHS0 at MMIO 0x3100000 (irq = 31, base_baud = 0) is a TEGRA_UART
Jun 17 20:29:40 dcs kernel: tegradc 15210000.display: dc.1 probe not in device tree order, deferring
Jun 17 20:29:40 dcs kernel: serial-tegra 3110000.serial: Adding to iommu group 2
Jun 17 20:29:40 dcs kernel: 3110000.serial: ttyTHS1 at MMIO 0x3110000 (irq = 32, base_baud = 0) is a TEGRA_UART
Jun 17 20:29:40 dcs kernel: serial-tegra 3140000.serial: Adding to iommu group 2
Jun 17 20:29:40 dcs kernel: 3140000.serial: ttyTHS4 at MMIO 0x3140000 (irq = 33, base_baud = 0) is a TEGRA_UART
Jun 17 20:29:40 dcs kernel: tegra-xusb 3610000.xhci: Firmware timestamp: 2022-03-16 11:07:43 UTC, Version: 60.13 release
Jun 17 20:29:40 dcs kernel: tegra-xusb 3610000.xhci: xHCI Host Controller
Jun 17 20:29:40 dcs kernel: tegra-xusb 3610000.xhci: new USB bus registered, assigned bus number 1
Jun 17 20:29:40 dcs kernel: tegra-xusb 3610000.xhci: hcc params 0x0184ff25 hci version 0x110 quirks 0x0000000000050810
Jun 17 20:29:40 dcs kernel: tegra-xusb 3610000.xhci: irq 188, io mem 0x03610000
Jun 17 20:29:40 dcs kernel: usb usb1: New USB device found, idVendor=1d6b, idProduct=0002, bcdDevice= 5.10
Jun 17 20:29:40 dcs kernel: usb usb1: New USB device strings: Mfr=3, Product=2, SerialNumber=1
Jun 17 20:29:40 dcs kernel: usb usb1: Product: xHCI Host Controller
Jun 17 20:29:40 dcs kernel: usb usb1: Manufacturer: Linux 5.10.120-tegra xhci-hcd
Jun 17 20:29:40 dcs kernel: usb usb1: SerialNumber: 3610000.xhci
Jun 17 20:29:40 dcs kernel: hub 1-0:1.0: USB hub found
Jun 17 20:29:40 dcs kernel: hub 1-0:1.0: 4 ports detected
Jun 17 20:29:40 dcs kernel: tegra-xusb 3610000.xhci: xHCI Host Controller
Jun 17 20:29:40 dcs kernel: tegra-xusb 3610000.xhci: new USB bus registered, assigned bus number 2
Jun 17 20:29:40 dcs kernel: tegra-xusb 3610000.xhci: Host supports USB 3.1 Enhanced SuperSpeed
Jun 17 20:29:40 dcs kernel: usb usb2: New USB device found, idVendor=1d6b, idProduct=0003, bcdDevice= 5.10
Jun 17 20:29:40 dcs kernel: usb usb2: New USB device strings: Mfr=3, Product=2, SerialNumber=1
Jun 17 20:29:40 dcs kernel: usb usb2: Product: xHCI Host Controller
Jun 17 20:29:40 dcs kernel: usb usb2: Manufacturer: Linux 5.10.120-tegra xhci-hcd
Jun 17 20:29:40 dcs kernel: usb usb2: SerialNumber: 3610000.xhci
Jun 17 20:29:40 dcs kernel: hub 2-0:1.0: USB hub found
Jun 17 20:29:40 dcs kernel: hub 2-0:1.0: 4 ports detected
Jun 17 20:29:40 dcs kernel: pca954x 2-0070: supply vcc-pullup not found, using dummy regulator
Jun 17 20:29:40 dcs kernel: pca954x 2-0070: pca954x_probe: forcing device bus number, start 30.
Jun 17 20:29:40 dcs kernel: pca954x 2-0070: device detect skipped.
Jun 17 20:29:40 dcs kernel: i2c i2c-2: Added multiplexed i2c bus 30
Jun 17 20:29:40 dcs kernel: i2c i2c-2: Added multiplexed i2c bus 31
Jun 17 20:29:40 dcs kernel: i2c i2c-2: Added multiplexed i2c bus 32
Jun 17 20:29:40 dcs kernel: i2c i2c-2: Added multiplexed i2c bus 33
Jun 17 20:29:40 dcs kernel: i2c i2c-2: Added multiplexed i2c bus 34
Jun 17 20:29:40 dcs kernel: i2c i2c-2: Added multiplexed i2c bus 35
Jun 17 20:29:40 dcs kernel: i2c i2c-2: Added multiplexed i2c bus 36
Jun 17 20:29:40 dcs kernel: i2c i2c-2: Added multiplexed i2c bus 37
Jun 17 20:29:40 dcs kernel: pca954x 2-0070: registered 8 multiplexed busses for I2C mux pca9547
Jun 17 20:29:40 dcs kernel: pca953x 2-0020: using no AI
Jun 17 20:29:40 dcs kernel: gpio-297 (tca6408_20_outlow): hogged as output/low
Jun 17 20:29:40 dcs kernel: gpio-299 (tca6408_20_outlow): hogged as output/low
Jun 17 20:29:40 dcs kernel: gpio-302 (tca6408_20_outlow): hogged as output/low
Jun 17 20:29:40 dcs kernel: gpio-303 (tca6408_20_outlow): hogged as output/low
Jun 17 20:29:40 dcs kernel: gpio-304 (tca6408_20_outlow): hogged as output/low
Jun 17 20:29:40 dcs kernel: gpio-298 (tca6408_20_outhigh): hogged as output/high
Jun 17 20:29:40 dcs kernel: gpio-300 (tca6408_20_outhigh): hogged as output/high
Jun 17 20:29:40 dcs kernel: gpio-301 (tca6408_20_outhigh): hogged as output/high
Jun 17 20:29:40 dcs kernel: gpiochip3: registered GPIOs 297 to 304 on 2-0020
Jun 17 20:29:40 dcs kernel: tegra-i2c 31e0000.i2c: Adding to iommu group 2
Jun 17 20:29:40 dcs kernel: cpufreq: cpufreq_online: CPU0: Running at unlisted initial frequency: 1906000 KHz, changing to: 1907200 KHz
Jun 17 20:29:40 dcs kernel: tegra194-cpufreq ccplex: probed with BWMGR, cl:4
Jun 17 20:29:40 dcs kernel: sdhci-tegra 3460000.sdhci: BWMGR client registration for eMC Successful
Jun 17 20:29:40 dcs kernel: irq: IRQ262: trimming hierarchy from :pmc@c360000
Jun 17 20:29:40 dcs kernel: sdhci-tegra 3440000.sdhci: BWMGR client registration for eMC Successful
Jun 17 20:29:40 dcs kernel: tegra194-isp5 13e10000.host1x:isp@14800000: initialized
Jun 17 20:29:40 dcs kernel: mmc0: CQHCI version 5.10
Jun 17 20:29:40 dcs kernel: tegra194-vi5 15c10000.vi: initialized
Jun 17 20:29:40 dcs kernel: tegradc 15200000.display: disp0 connected to head0->sor1
Jun 17 20:29:40 dcs kernel: nvethernet 2490000.ethernet: Adding to iommu group 28
Jun 17 20:29:40 dcs kernel: generic_infoframe_type: 0x87
Jun 17 20:29:40 dcs kernel: nvethernet 2490000.ethernet: failed to read skip mac reset flag, default 0
Jun 17 20:29:40 dcs kernel: tegradc 15200000.display: DT parsed successfully
Jun 17 20:29:40 dcs kernel: usb 1-2: new high-speed USB device number 2 using tegra-xusb
Jun 17 20:29:41 dcs kernel: nvethernet 2490000.ethernet: failed to read MDIO address
Jun 17 20:29:41 dcs kernel: tegradc 15200000.display: Display dc.(____ptrval____) registered with id=0
Jun 17 20:29:41 dcs kernel: nvethernet 2490000.ethernet: setting to default DMA bit mask
Jun 17 20:29:41 dcs kernel: nvethernet 2490000.ethernet: set default TXQ to TC mapping
Jun 17 20:29:41 dcs kernel: nvethernet 2490000.ethernet: Setting default PTP RX queue
Jun 17 20:29:41 dcs kernel: tegra_nvdisp_bandwidth_register_max_config: max config iso bw = 15681600 KB/s
Jun 17 20:29:41 dcs kernel: nvethernet 2490000.ethernet: Failed to read DMA Tx ring size, using default [1024]
Jun 17 20:29:41 dcs kernel: nvethernet 2490000.ethernet: Failed to read DMA Rx ring size, using default [1024]
Jun 17 20:29:41 dcs kernel: mmc0: SDHCI controller on 3460000.sdhci [3460000.sdhci] using ADMA 64-bit
Jun 17 20:29:41 dcs kernel: tegra_nvdisp_bandwidth_register_max_config: max config EMC floor = 933000000 Hz
Jun 17 20:29:41 dcs kernel: nvethernet 2490000.ethernet: missing nvidia,pad_auto_cal_pu_offset, setting default 0
Jun 17 20:29:41 dcs kernel: nvethernet 2490000.ethernet: missing nvidia,pad_auto_cal_pd_offset, setting default 0
Jun 17 20:29:41 dcs kernel: nvethernet 2490000.ethernet: failed to get eqos_rx_m clk
Jun 17 20:29:41 dcs kernel: mmc1: SDHCI controller on 3440000.sdhci [3440000.sdhci] using ADMA 64-bit
Jun 17 20:29:41 dcs kernel: tegra_nvdisp_bandwidth_register_max_config: max config hubclk = 300000000 Hz
Jun 17 20:29:41 dcs kernel: tegradc 15200000.display: vblank syncpt # 11 for dc 0
Jun 17 20:29:41 dcs kernel: nvethernet 2490000.ethernet: failed to get eqos_rx_input clk
Jun 17 20:29:41 dcs kernel: nvethernet 2490000.ethernet: failed to get eqos_tx_divider clk
Jun 17 20:29:41 dcs kernel: nvethernet 2490000.ethernet: Ethernet MAC address: 48:b0:2d:7a:b3:aa
Jun 17 20:29:41 dcs kernel: tegradc 15200000.display: vpulse3 syncpt # 12 for dc 0
Jun 17 20:29:41 dcs kernel: tegradc 15200000.display: hdmi: invalid prod list prod_list_hdmi_board
Jun 17 20:29:41 dcs kernel: -->macsec_probe()
Jun 17 20:29:41 dcs kernel: tegradc 15200000.display: hdmi: tegra_hdmi_tmds_range_read(bd) failed
Jun 17 20:29:41 dcs kernel: tegradc 15200000.display: probed
Jun 17 20:29:41 dcs kernel: <--macsec_probe()
Jun 17 20:29:41 dcs kernel: nvethernet 2490000.ethernet: Macsec not supported/Not enabled in DT
Jun 17 20:29:41 dcs kernel: mmc0: Command Queue Engine enabled
Jun 17 20:29:41 dcs kernel: nvethernet 2490000.ethernet: eth0 (HW ver: 50) created with 1 DMA channels
Jun 17 20:29:41 dcs kernel: mmc0: periodic cache flush enabled
Jun 17 20:29:41 dcs kernel: mmc0: new HS400 Enhanced strobe MMC card at address 0001
Jun 17 20:29:41 dcs kernel: irq: IRQ264: trimming hierarchy from :pmc@c360000
Jun 17 20:29:41 dcs kernel: mmcblk0: mmc0:0001 DG4016 14.7 GiB 
Jun 17 20:29:41 dcs kernel: irq: IRQ265: trimming hierarchy from :interrupt-controller@3881000
Jun 17 20:29:41 dcs kernel: mmcblk0rpmb: mmc0:0001 DG4016 partition 3 4.00 MiB, chardev (509:0)
Jun 17 20:29:41 dcs kernel: input: gpio-keys as /devices/platform/gpio-keys/input/input0
Jun 17 20:29:41 dcs kernel:  mmcblk0: p1 p2 p3 p4 p5 p6 p7 p8 p9 p10 p11 p12 p13 p14 p15 p16 p17 p18 p19 p20 p21 p22
Jun 17 20:29:41 dcs kernel: tegra-se-nvhost 15810000.se: Adding to iommu group 29
Jun 17 20:29:41 dcs kernel: usb 1-2: New USB device found, idVendor=0424, idProduct=2816, bcdDevice= 6.25
Jun 17 20:29:41 dcs kernel: tegra-se-nvhost 15810000.se: initialized
Jun 17 20:29:41 dcs kernel: usb 1-2: New USB device strings: Mfr=1, Product=2, SerialNumber=0
Jun 17 20:29:41 dcs kernel: tegra-se-nvhost 15810000.se: tegra_se_probe: complete
Jun 17 20:29:41 dcs kernel: usb 1-2: Product: USB2816 Smart Hub
Jun 17 20:29:41 dcs kernel: tegra-se-nvhost 15820000.se: Adding to iommu group 30
Jun 17 20:29:41 dcs kernel: usb 1-2: Manufacturer: Microchip
Jun 17 20:29:41 dcs kernel: tegra-se-nvhost 15820000.se: initialized
Jun 17 20:29:41 dcs kernel: hub 1-2:1.0: USB hub found
Jun 17 20:29:41 dcs kernel: tegra-se-nvhost 15820000.se: tegra_se_probe: complete
Jun 17 20:29:41 dcs kernel: hub 1-2:1.0: 7 ports detected
Jun 17 20:29:41 dcs kernel: tegra-se-nvhost 15830000.se: Adding to iommu group 31
Jun 17 20:29:41 dcs kernel: usb 2-3: new SuperSpeed Gen 1 USB device number 2 using tegra-xusb
Jun 17 20:29:41 dcs kernel: tegra-se-nvhost 15830000.se: initialized
Jun 17 20:29:41 dcs kernel: Console: switching to colour frame buffer device 80x30
Jun 17 20:29:41 dcs kernel: tegra-se-nvhost 15830000.se: tegra_se_probe: complete
Jun 17 20:29:41 dcs kernel: usb 2-3: New USB device found, idVendor=0424, idProduct=5816, bcdDevice= 6.25
Jun 17 20:29:41 dcs kernel: usb 2-3: New USB device strings: Mfr=1, Product=2, SerialNumber=0
Jun 17 20:29:41 dcs kernel: usb 2-3: Product: USB5816 Smart Hub
Jun 17 20:29:41 dcs kernel: usb 2-3: Manufacturer: Microchip
Jun 17 20:29:41 dcs kernel: tegradc 15200000.display: fb registered
Jun 17 20:29:41 dcs kernel: hub 2-3:1.0: USB hub found
Jun 17 20:29:41 dcs kernel: hub 2-3:1.0: 5 ports detected
Jun 17 20:29:41 dcs kernel: tegra-se-nvhost 15840000.se: Adding to iommu group 32
Jun 17 20:29:41 dcs kernel: irq: IRQ266: trimming hierarchy from :pmc@c360000
Jun 17 20:29:41 dcs kernel: tegra-se-nvhost 15840000.se: initialized
Jun 17 20:29:41 dcs kernel: tegradc 15210000.display: disp1 connected to head1->sor
Jun 17 20:29:41 dcs kernel: tegra-se-nvhost 15840000.se: tegra_se_probe: complete
Jun 17 20:29:41 dcs kernel: tegradc 15210000.display: parse_dp_settings: No dp-lt-settings node
Jun 17 20:29:41 dcs kernel: tegra_actmon d230000.actmon: in actmon_register()...
Jun 17 20:29:41 dcs kernel: tegradc 15210000.display: DT parsed successfully
Jun 17 20:29:41 dcs kernel: tegra_actmon d230000.actmon: bwmgr_disable = 0
Jun 17 20:29:41 dcs kernel: tegradc 15210000.display: Display dc.(____ptrval____) registered with id=1
Jun 17 20:29:41 dcs kernel: tegra_actmon d230000.actmon: initialization Completed for the device mc_all
Jun 17 20:29:41 dcs kernel: tegradc 15210000.display: vblank syncpt # 17 for dc 1
Jun 17 20:29:41 dcs kernel: hvc_sysfs: hypervisor is not present
Jun 17 20:29:41 dcs kernel: tegradc 15210000.display: vpulse3 syncpt # 18 for dc 1
Jun 17 20:29:41 dcs kernel: tegradc 15210000.display: probed
Jun 17 20:29:41 dcs kernel: usb 1-3: new full-speed USB device number 3 using tegra-xusb
Jun 17 20:29:41 dcs kernel: tegradc 15210000.display: fb registered
Jun 17 20:29:41 dcs kernel: ALSA device list:
Jun 17 20:29:41 dcs kernel:   No soundcards found.
Jun 17 20:29:41 dcs kernel: hpd: state 7 (Takeover from bootloader), hpd 0, pending_hpd_evt 1
Jun 17 20:29:41 dcs kernel: hpd: switching from state 7 (Takeover from bootloader) to state 0 (Reset)
Jun 17 20:29:41 dcs kernel: hpd: state 0 (Reset), hpd 0, pending_hpd_evt 0
Jun 17 20:29:41 dcs kernel: Freeing unused kernel memory: 3968K
Jun 17 20:29:41 dcs kernel: tegra_cec 3960000.tegra_cec: Can't find physical address.
Jun 17 20:29:41 dcs kernel: tegradc 15210000.display: blank - powerdown
Jun 17 20:29:41 dcs kernel: tegra_cec 3960000.tegra_cec: tegra_cec_init Done.
Jun 17 20:29:41 dcs kernel: Run /init as init process
Jun 17 20:29:41 dcs kernel: extcon-disp-state external-connection:disp-state: cable 44 state 0 already set.
Jun 17 20:29:41 dcs kernel:   with arguments:
Jun 17 20:29:41 dcs kernel: Extcon DP: HPD disabled
Jun 17 20:29:41 dcs kernel:     /init
Jun 17 20:29:41 dcs kernel:   with environment:
Jun 17 20:29:41 dcs kernel: hpd: switching from state 0 (Reset) to state 1 (Check Plug)
Jun 17 20:29:41 dcs kernel: hpd: state 1 (Check Plug), hpd 0, pending_hpd_evt 0
Jun 17 20:29:41 dcs kernel:     HOME=/
Jun 17 20:29:41 dcs kernel:     TERM=linux
Jun 17 20:29:41 dcs kernel: hpd: switching from state 1 (Check Plug) to state 3 (Disabled)
Jun 17 20:29:41 dcs kernel: usb 1-3: New USB device found, idVendor=8087, idProduct=0025, bcdDevice= 0.02
Jun 17 20:29:41 dcs kernel: usb 1-3: New USB device strings: Mfr=0, Product=0, SerialNumber=0
Jun 17 20:29:41 dcs unknown: Root device found: mmcblk0p1
Jun 17 20:29:41 dcs unknown: Found dev node: /dev/mmcblk0p1
Jun 17 20:29:41 dcs kernel: EXT4-fs (mmcblk0p1): 3 orphan inodes deleted
Jun 17 20:29:41 dcs kernel: EXT4-fs (mmcblk0p1): recovery complete
Jun 17 20:29:41 dcs kernel: EXT4-fs (mmcblk0p1): mounted filesystem with ordered data mode. Opts: (null)
Jun 17 20:29:41 dcs unknown: Rootfs mounted over mmcblk0p1
Jun 17 20:29:41 dcs unknown: Switching from initrd to actual rootfs
Jun 17 20:29:41 dcs systemd[1]: System time before build time, advancing clock.
Jun 17 20:29:41 dcs kernel: usb 1-2.6: new full-speed USB device number 4 using tegra-xusb
Jun 17 20:29:41 dcs kernel: usb 1-2.6: New USB device found, idVendor=2dae, idProduct=1058, bcdDevice= 2.00
Jun 17 20:29:41 dcs kernel: usb 1-2.6: New USB device strings: Mfr=1, Product=2, SerialNumber=3
Jun 17 20:29:41 dcs kernel: usb 1-2.6: Product: CubeOrange+
Jun 17 20:29:41 dcs kernel: usb 1-2.6: Manufacturer: CubePilot
Jun 17 20:29:41 dcs kernel: usb 1-2.6: SerialNumber: 3C0049000951303439323731
Jun 17 20:29:41 dcs kernel: usb 1-2.7: new high-speed USB device number 5 using tegra-xusb
Jun 17 20:29:41 dcs systemd[1]: systemd 245.4-4ubuntu3.24 running in system mode. (+PAM +AUDIT +SELINUX +IMA +APPARMOR +SMACK +SYSVINIT +UTMP +LIBCRYPTSETUP +GCRYPT +GNUTLS +ACL +XZ +LZ4 +SECCOMP +BLKID +ELFUTILS +KMOD +IDN2 -IDN +PCRE2 default-hierarchy=hybrid)
Jun 17 20:29:41 dcs systemd[1]: Detected architecture arm64.
Jun 17 20:29:41 dcs systemd[1]: Set hostname to <dcs>.
Jun 17 20:29:41 dcs kernel: usb 1-2.7: New USB device found, idVendor=0424, idProduct=2840, bcdDevice= 2.04
Jun 17 20:29:41 dcs kernel: usb 1-2.7: New USB device strings: Mfr=1, Product=2, SerialNumber=0
Jun 17 20:29:41 dcs kernel: usb 1-2.7: Product: Hub Feature Controller
Jun 17 20:29:41 dcs kernel: usb 1-2.7: Manufacturer: Microchip
Jun 17 20:29:41 dcs kernel: random: crng init done
Jun 17 20:29:41 dcs kernel: usb 1-2.6: USB disconnect, device number 4
Jun 17 20:29:41 dcs kernel: usb 1-2.6: new full-speed USB device number 6 using tegra-xusb
Jun 17 20:29:41 dcs systemd[1]: system-modprobe.slice: unit configures an IP firewall, but the local system does not support BPF/cgroup firewalling.
Jun 17 20:29:41 dcs systemd[1]: (This warning is only shown for the first unit using IP firewalling.)
Jun 17 20:29:41 dcs systemd[1]: Created slice system-modprobe.slice.
Jun 17 20:29:41 dcs systemd[1]: Created slice system-serial\x2dgetty.slice.
Jun 17 20:29:41 dcs systemd[1]: Created slice User and Session Slice.
Jun 17 20:29:41 dcs systemd[1]: Started Forward Password Requests to Wall Directory Watch.
Jun 17 20:29:41 dcs systemd[1]: Set up automount Arbitrary Executable File Formats File System Automount Point.
Jun 17 20:29:41 dcs systemd[1]: Reached target User and Group Name Lookups.
Jun 17 20:29:41 dcs systemd[1]: Reached target Slices.
Jun 17 20:29:41 dcs systemd[1]: Reached target Mounting snaps.
Jun 17 20:29:41 dcs systemd[1]: Reached target Mounted snaps.
Jun 17 20:29:41 dcs systemd[1]: Reached target Swap.
Jun 17 20:29:41 dcs systemd[1]: Listening on RPCbind Server Activation Socket.
Jun 17 20:29:41 dcs systemd[1]: Listening on Syslog Socket.
Jun 17 20:29:41 dcs systemd[1]: Listening on fsck to fsckd communication Socket.
Jun 17 20:29:41 dcs systemd[1]: Listening on initctl Compatibility Named Pipe.
Jun 17 20:29:41 dcs systemd[1]: Listening on Journal Audit Socket.
Jun 17 20:29:41 dcs systemd[1]: Listening on Journal Socket (/dev/log).
Jun 17 20:29:41 dcs systemd[1]: Listening on Journal Socket.
Jun 17 20:29:41 dcs systemd[1]: Listening on udev Control Socket.
Jun 17 20:29:41 dcs systemd[1]: Listening on udev Kernel Socket.
Jun 17 20:29:41 dcs systemd[1]: Mounting Huge Pages File System...
Jun 17 20:29:41 dcs systemd[1]: Mounting POSIX Message Queue File System...
Jun 17 20:29:41 dcs systemd[1]: Mounting RPC Pipe File System...
Jun 17 20:29:41 dcs kernel: usb 1-2.6: New USB device found, idVendor=2dae, idProduct=1058, bcdDevice= 2.00
Jun 17 20:29:41 dcs kernel: usb 1-2.6: New USB device strings: Mfr=1, Product=2, SerialNumber=3
Jun 17 20:29:41 dcs systemd[1]: Mounting Kernel Debug File System...
Jun 17 20:29:41 dcs kernel: usb 1-2.6: Product: CubeOrange+
Jun 17 20:29:41 dcs kernel: usb 1-2.6: Manufacturer: CubePilot
Jun 17 20:29:41 dcs kernel: usb 1-2.6: SerialNumber: 3C0049000951303439323731
Jun 17 20:29:41 dcs systemd[1]: Mounting Kernel Trace File System...
Jun 17 20:29:41 dcs systemd[1]: Starting Journal Service...
Jun 17 20:29:41 dcs systemd[1]: Starting Set the console keyboard layout...
Jun 17 20:29:41 dcs systemd[1]: Starting Create list of static device nodes for the current kernel...
Jun 17 20:29:41 dcs systemd[1]: Starting Load Kernel Module chromeos_pstore...
Jun 17 20:29:41 dcs systemd[1]: Condition check resulted in Load Kernel Module drm being skipped.
Jun 17 20:29:41 dcs systemd[1]: Starting Load Kernel Module efi_pstore...
Jun 17 20:29:41 dcs systemd[1]: Starting Load Kernel Module pstore_blk...
Jun 17 20:29:41 dcs systemd[1]: Starting Load Kernel Module pstore_zone...
Jun 17 20:29:41 dcs systemd[1]: Starting Load Kernel Module ramoops...
Jun 17 20:29:41 dcs systemd[1]: Starting NVIDIA specific first-boot udev script...
Jun 17 20:29:41 dcs systemd[1]: Started Nameserver information manager.
Jun 17 20:29:41 dcs systemd[1]: Reached target Network (Pre).
Jun 17 20:29:41 dcs systemd[1]: Condition check resulted in Set Up Additional Binary Formats being skipped.
Jun 17 20:29:41 dcs systemd[1]: Condition check resulted in File System Check on Root Device being skipped.
Jun 17 20:29:41 dcs systemd[1]: Starting Load Kernel Modules...
Jun 17 20:29:41 dcs systemd[1]: Starting Remount Root and Kernel File Systems...
Jun 17 20:29:41 dcs systemd[1]: Starting udev Coldplug all Devices...
Jun 17 20:29:41 dcs systemd[1]: Mounted Huge Pages File System.
Jun 17 20:29:41 dcs systemd[1]: Mounted POSIX Message Queue File System.
Jun 17 20:29:41 dcs systemd[1]: Mounted RPC Pipe File System.
Jun 17 20:29:41 dcs systemd[1]: Mounted Kernel Debug File System.
Jun 17 20:29:41 dcs systemd[1]: Mounted Kernel Trace File System.
Jun 17 20:29:41 dcs systemd[1]: Finished Create list of static device nodes for the current kernel.
Jun 17 20:29:41 dcs systemd[1]: modprobe@chromeos_pstore.service: Succeeded.
Jun 17 20:29:41 dcs systemd[1]: Finished Load Kernel Module chromeos_pstore.
Jun 17 20:29:41 dcs systemd[1]: modprobe@efi_pstore.service: Succeeded.
Jun 17 20:29:41 dcs systemd[1]: Finished Load Kernel Module efi_pstore.
Jun 17 20:29:41 dcs kernel: EXT4-fs (mmcblk0p1): re-mounted. Opts: (null)
Jun 17 20:29:41 dcs systemd[1]: modprobe@pstore_blk.service: Succeeded.
Jun 17 20:29:41 dcs systemd[1]: Finished Load Kernel Module pstore_blk.
Jun 17 20:29:41 dcs systemd[1]: modprobe@pstore_zone.service: Succeeded.
Jun 17 20:29:41 dcs systemd[1]: Finished Load Kernel Module pstore_zone.
Jun 17 20:29:41 dcs kernel: nvmap_heap_init: nvmap_heap_init: created heap block cache
Jun 17 20:29:41 dcs systemd[1]: modprobe@ramoops.service: Succeeded.
Jun 17 20:29:41 dcs kernel: tegra-carveouts tegra-carveouts: vpr :dma coherent mem declare 0x00000000ce000000,704643072
Jun 17 20:29:41 dcs kernel: tegra-carveouts tegra-carveouts: assigned reserved memory node vpr-carveout
Jun 17 20:29:41 dcs kernel: nvmap_page_pool_init: Total RAM pages: 1754699
Jun 17 20:29:41 dcs kernel: nvmap_page_pool_init: nvmap page pool size: 219337 pages (856 MB)
Jun 17 20:29:41 dcs kernel: nvmap_background_zero_thread: PP zeroing thread starting.
Jun 17 20:29:41 dcs kernel: misc nvmap: created heap vpr base 0x00000000ce000000 size (688128KiB)
Jun 17 20:29:41 dcs kernel: misc nvmap: cvsram :dma coherent mem declare 0x0000000050000000,4194304
Jun 17 20:29:41 dcs systemd[1]: Finished Load Kernel Module ramoops.
Jun 17 20:29:41 dcs kernel: misc nvmap: created heap cvsram base 0x0000000050000000 size (4096KiB)
Jun 17 20:29:41 dcs systemd[1]: nvfb-udev.service: Succeeded.
Jun 17 20:29:41 dcs systemd[1]: Finished NVIDIA specific first-boot udev script.
Jun 17 20:29:41 dcs systemd[1]: Finished Remount Root and Kernel File Systems.
Jun 17 20:29:41 dcs systemd[1]: Condition check resulted in Rebuild Hardware Database being skipped.
Jun 17 20:29:41 dcs systemd[1]: Condition check resulted in Platform Persistent Storage Archival being skipped.
Jun 17 20:29:41 dcs systemd[1]: Starting Load/Save Random Seed...
Jun 17 20:29:41 dcs systemd[1]: Starting Create System Users...
Jun 17 20:29:41 dcs kernel: nvgpu: 17000000.gv11b          nvgpu_nvhost_syncpt_init:135  [INFO]  syncpt_unit_base 60000000 syncpt_unit_size 400000 size 1000
Jun 17 20:29:41 dcs kernel: usb 1-2.6: USB disconnect, device number 6
Jun 17 20:29:41 dcs systemd[1]: Finished Load/Save Random Seed.
Jun 17 20:29:41 dcs systemd[1]: Finished Load Kernel Modules.
Jun 17 20:29:41 dcs systemd[1]: Condition check resulted in FUSE Control File System being skipped.
Jun 17 20:29:41 dcs systemd[1]: Mounting Kernel Configuration File System...
Jun 17 20:29:41 dcs systemd[1]: Started OP-TEE Client Supplicant.
Jun 17 20:29:41 dcs systemd[1]: Starting Apply Kernel Variables...
Jun 17 20:29:41 dcs systemd[1]: Mounted Kernel Configuration File System.
Jun 17 20:29:41 dcs systemd[1]: Finished Create System Users.
Jun 17 20:29:41 dcs systemd[1]: Starting Create Static Device Nodes in /dev...
Jun 17 20:29:41 dcs systemd[1]: Finished Set the console keyboard layout.
Jun 17 20:29:41 dcs systemd[1]: Finished Apply Kernel Variables.
Jun 17 20:29:41 dcs systemd[1]: Finished Create Static Device Nodes in /dev.
Jun 17 20:29:41 dcs systemd[1]: Reached target Local File Systems (Pre).
Jun 17 20:29:41 dcs systemd[1]: Reached target Local File Systems.
Jun 17 20:29:41 dcs systemd[1]: Condition check resulted in Load AppArmor profiles being skipped.
Jun 17 20:29:41 dcs systemd[1]: Starting Enable support for additional executable binary formats...
Jun 17 20:29:41 dcs systemd[1]: Starting Set console font and keymap...
Jun 17 20:29:41 dcs systemd[1]: Starting Preprocess NFS configuration...
Jun 17 20:29:41 dcs systemd[1]: Starting Tell Plymouth To Write Out Runtime Data...
Jun 17 20:29:41 dcs systemd[1]: Condition check resulted in Load AppArmor profiles managed internally by snapd being skipped.
Jun 17 20:29:41 dcs systemd[1]: Condition check resulted in Store a System Token in an EFI Variable being skipped.
Jun 17 20:29:41 dcs systemd[1]: Condition check resulted in Commit a transient machine-id on disk being skipped.
Jun 17 20:29:41 dcs systemd[1]: Starting udev Kernel Device Manager...
Jun 17 20:29:41 dcs systemd[1]: Finished Set console font and keymap.
Jun 17 20:29:41 dcs kernel: usb 1-2.6: new full-speed USB device number 7 using tegra-xusb
Jun 17 20:29:41 dcs systemd[1]: nfs-config.service: Succeeded.
Jun 17 20:29:41 dcs systemd[1]: Finished Preprocess NFS configuration.
Jun 17 20:29:41 dcs systemd[1]: plymouth-read-write.service: Succeeded.
Jun 17 20:29:41 dcs systemd[1]: Finished Tell Plymouth To Write Out Runtime Data.
Jun 17 20:29:41 dcs systemd[1]: proc-sys-fs-binfmt_misc.automount: Got automount request for /proc/sys/fs/binfmt_misc, triggered by 306 (update-binfmts)
Jun 17 20:29:41 dcs systemd[1]: Mounting Arbitrary Executable File Formats File System...
Jun 17 20:29:41 dcs systemd[1]: Condition check resulted in RPC security service for NFS client and server being skipped.
Jun 17 20:29:41 dcs systemd[1]: Reached target NFS client services.
Jun 17 20:29:41 dcs systemd[1]: Mounted Arbitrary Executable File Formats File System.
Jun 17 20:29:41 dcs kernel: usb 1-2.6: New USB device found, idVendor=2dae, idProduct=1058, bcdDevice= 2.00
Jun 17 20:29:41 dcs kernel: usb 1-2.6: New USB device strings: Mfr=1, Product=2, SerialNumber=3
Jun 17 20:29:41 dcs kernel: usb 1-2.6: Product: CubeOrange+
Jun 17 20:29:41 dcs kernel: usb 1-2.6: Manufacturer: CubePilot
Jun 17 20:29:41 dcs kernel: usb 1-2.6: SerialNumber: 3C0049000951303439323731
Jun 17 20:29:41 dcs systemd[1]: Finished Enable support for additional executable binary formats.
Jun 17 20:29:41 dcs systemd-journald[267]: Journal started
Jun 17 20:29:41 dcs systemd-journald[267]: Runtime Journal (/run/log/journal/dbfef1aa0b064bcf9d30ec3ad0886edb) is 8.0M, max 68.5M, 60.5M free.
Jun 17 20:29:40 dcs systemd-modules-load[290]: Inserted module 'nvmap'
Jun 17 20:29:40 dcs systemd-modules-load[290]: Inserted module 'nvgpu'
Jun 17 20:29:40 dcs systemd-modules-load[290]: Inserted module 'pwm_fan'
Jun 17 20:29:40 dcs systemd-modules-load[290]: Inserted module 'ina3221'
Jun 17 20:29:41 dcs systemd[1]: Started Journal Service.
Jun 17 20:29:40 dcs systemd-sysctl[302]: Not setting net/ipv4/conf/all/promote_secondaries (explicit setting exists).
Jun 17 20:29:40 dcs systemd-sysctl[302]: Not setting net/ipv4/conf/default/promote_secondaries (explicit setting exists).
Jun 17 20:29:40 dcs systemd-sysctl[302]: Couldn't write 'fq_codel' to 'net/core/default_qdisc', ignoring: No such file or directory
Jun 17 20:29:41 dcs systemd-udevd[313]: Network interface NamePolicy= disabled on kernel command line, ignoring.
Jun 17 20:29:41 dcs systemd[1]: Starting Flush Journal to Persistent Storage...
Jun 17 20:29:41 dcs systemd-journald[267]: Runtime Journal (/run/log/journal/dbfef1aa0b064bcf9d30ec3ad0886edb) is 8.0M, max 68.5M, 60.5M free.
Jun 17 20:29:41 dcs systemd[1]: Finished Flush Journal to Persistent Storage.
Jun 17 20:29:41 dcs systemd[1]: Starting Create Volatile Files and Directories...
Jun 17 20:29:41 dcs systemd[1]: Finished Create Volatile Files and Directories.
Jun 17 20:29:41 dcs systemd[1]: Started Entropy daemon using the HAVEGE algorithm.
Jun 17 20:29:41 dcs systemd[1]: Starting RPC bind portmap service...
Jun 17 20:29:41 dcs systemd[1]: Starting Network Name Resolution...
Jun 17 20:29:41 dcs systemd[1]: Starting Network Time Synchronization...
Jun 17 20:29:41 dcs systemd[1]: Starting Update UTMP about System Boot/Shutdown...
Jun 17 20:29:41 dcs systemd[1]: Started RPC bind portmap service.
Jun 17 20:29:41 dcs systemd[1]: Reached target Remote File Systems (Pre).
Jun 17 20:29:41 dcs systemd[1]: Reached target Remote File Systems.
Jun 17 20:29:41 dcs systemd[1]: Reached target RPC Port Mapper.
Jun 17 20:29:41 dcs systemd-udevd[313]: /etc/udev/rules.d/99-permissions.rules:4 Invalid key/value pair, ignoring.
Jun 17 20:29:41 dcs systemd-udevd[313]: /etc/udev/rules.d/99-permissions.rules:5 Unknown group 'spi', ignoring
Jun 17 20:29:41 dcs systemd[1]: Finished Update UTMP about System Boot/Shutdown.
Jun 17 20:29:41 dcs systemd[1]: Started udev Kernel Device Manager.
Jun 17 20:29:41 dcs haveged[320]: haveged starting up
Jun 17 20:29:41 dcs kernel: usb 1-2.6: USB disconnect, device number 7
Jun 17 20:29:41 dcs kernel: usb 1-2.6: new full-speed USB device number 8 using tegra-xusb
Jun 17 20:29:41 dcs kernel: usb 1-2.6: New USB device found, idVendor=2dae, idProduct=1058, bcdDevice= 2.00
Jun 17 20:29:41 dcs kernel: usb 1-2.6: New USB device strings: Mfr=1, Product=2, SerialNumber=3
Jun 17 20:29:41 dcs kernel: usb 1-2.6: Product: CubeOrange+
Nov 21 11:56:41 dcs kernel: usb 1-2.6: Manufacturer: CubePilot
Nov 21 11:56:41 dcs kernel: usb 1-2.6: SerialNumber: 3C0049000951303439323731
Jun 17 20:29:41 dcs systemd-timesyncd[323]: System clock time unset or jumped backwards, restoring from recorded timestamp: Fri 2025-11-21 11:56:41 UTC
Nov 21 11:56:41 dcs systemd[1]: Started Network Time Synchronization.
Nov 21 11:56:41 dcs systemd[1]: Reached target System Time Set.
Nov 21 11:56:41 dcs systemd[1]: Reached target System Time Synchronized.
Nov 21 11:56:41 dcs systemd-resolved[322]: Positive Trust Anchors:
Nov 21 11:56:41 dcs systemd-resolved[322]: . IN DS 20326 8 2 e06d44b80b8f1d39a95c0b0d7c65d08458e880409bbc683457104237c7f8ec8d
Nov 21 11:56:41 dcs systemd-resolved[322]: Negative trust anchors: 10.in-addr.arpa 16.172.in-addr.arpa 17.172.in-addr.arpa 18.172.in-addr.arpa 19.172.in-addr.arpa 20.172.in-addr.arpa 21.172.in-addr.arpa 22.172.in-addr.arpa 23.172.in-addr.arpa 24.172.in-addr.arpa 25.172.in-addr.arpa 26.172.in-addr.arpa 27.172.in-addr.arpa 28.172.in-addr.arpa 29.172.in-addr.arpa 30.172.in-addr.arpa 31.172.in-addr.arpa 168.192.in-addr.arpa d.f.ip6.arpa corp home internal intranet lan local private test
Nov 21 11:56:41 dcs mtp-probe[358]: checking bus 1, device 8: "/sys/devices/platform/3610000.xhci/usb1/1-2/1-2.6"
Nov 21 11:56:41 dcs mtp-probe[358]: bus: 1, device: 8 was not an MTP device
Nov 21 11:56:41 dcs systemd-resolved[322]: Using system hostname 'dcs'.
Nov 21 11:56:41 dcs systemd[1]: Started Network Name Resolution.
Nov 21 11:56:41 dcs systemd[1]: Reached target Host and Network Name Lookups.
Nov 21 11:56:42 dcs kernel: usb 1-2.6: USB disconnect, device number 8
Nov 21 11:56:42 dcs kernel: usbcore: registered new interface driver cdc_acm
Nov 21 11:56:42 dcs kernel: cdc_acm: USB Abstract Control Model driver for USB modems and ISDN adapters
Nov 21 11:56:42 dcs haveged[320]: haveged: ver: 1.9.1; arch: generic; vend: ; build: (gcc 8.3.0 CTV); collect: 128K
Nov 21 11:56:42 dcs haveged[320]: haveged: cpu: (VC); data: 64K (V); inst: 128K (V); idx: 39/40; sz: 64688/64688
Nov 21 11:56:42 dcs haveged[320]: haveged: tot tests(BA8): A:1/1 B:1/1 continuous tests(B):  last entropy estimate 7.99514
Nov 21 11:56:42 dcs haveged[320]: haveged: fills: 0, generated: 0
Nov 21 11:56:42 dcs kernel: usb 1-2.6: new full-speed USB device number 9 using tegra-xusb
Nov 21 11:56:42 dcs kernel: usb 1-2.6: New USB device found, idVendor=2dae, idProduct=1058, bcdDevice= 2.00
Nov 21 11:56:42 dcs kernel: usb 1-2.6: New USB device strings: Mfr=1, Product=2, SerialNumber=3
Nov 21 11:56:42 dcs kernel: usb 1-2.6: Product: CubeOrange+
Nov 21 11:56:42 dcs kernel: usb 1-2.6: Manufacturer: CubePilot
Nov 21 11:56:42 dcs kernel: usb 1-2.6: SerialNumber: 3C0049000951303439323731
Nov 21 11:56:42 dcs kernel: cdc_acm 1-2.6:1.0: ttyACM0: USB ACM device
Nov 21 11:56:42 dcs kernel: cdc_acm 1-2.6:1.2: ttyACM1: USB ACM device
Nov 21 11:56:42 dcs mtp-probe[365]: checking bus 1, device 9: "/sys/devices/platform/3610000.xhci/usb1/1-2/1-2.6"
Nov 21 11:56:42 dcs mtp-probe[365]: bus: 1, device: 9 was not an MTP device
Nov 21 11:56:42 dcs mtp-probe[370]: checking bus 1, device 9: "/sys/devices/platform/3610000.xhci/usb1/1-2/1-2.6"
Nov 21 11:56:42 dcs mtp-probe[370]: bus: 1, device: 9 was not an MTP device
Nov 21 11:56:42 dcs mtp-probe[373]: checking bus 1, device 9: "/sys/devices/platform/3610000.xhci/usb1/1-2/1-2.6"
Nov 21 11:56:42 dcs mtp-probe[373]: bus: 1, device: 9 was not an MTP device
Nov 21 11:56:42 dcs systemd[1]: Finished udev Coldplug all Devices.
Nov 21 11:56:42 dcs systemd[1]: Condition check resulted in Show Plymouth Boot Screen being skipped.
Nov 21 11:56:42 dcs systemd[1]: Started Dispatch Password Requests to Console Directory Watch.
Nov 21 11:56:42 dcs systemd[1]: Condition check resulted in Forward Password Requests to Plymouth Directory Watch being skipped.
Nov 21 11:56:42 dcs systemd[1]: Reached target Local Encrypted Volumes.
Nov 21 11:56:42 dcs systemd[1]: Reached target System Initialization.
Nov 21 11:56:42 dcs systemd[1]: Condition check resulted in Process error reports when automatic reporting is enabled (file watch) being skipped.
Nov 21 11:56:42 dcs systemd[1]: Started resolvconf-pull-resolved.path.
Nov 21 11:56:42 dcs systemd[1]: anacron.timer: Not using persistent file timestamp Mon 2025-12-15 13:54:17 UTC as it is in the future.
Nov 21 11:56:42 dcs systemd[1]: Started Trigger anacron every hour.
Nov 21 11:56:42 dcs systemd[1]: apt-daily.timer: Not using persistent file timestamp Mon 2025-12-15 13:54:17 UTC as it is in the future.
Nov 21 11:56:42 dcs systemd[1]: Started Daily apt download activities.
Nov 21 11:56:42 dcs systemd[1]: apt-daily-upgrade.timer: Not using persistent file timestamp Mon 2025-12-15 13:54:17 UTC as it is in the future.
Nov 21 11:56:42 dcs systemd[1]: Started Daily apt upgrade and clean activities.
Nov 21 11:56:42 dcs systemd[1]: e2scrub_all.timer: Not using persistent file timestamp Mon 2025-12-15 13:54:17 UTC as it is in the future.
Nov 21 11:56:42 dcs systemd[1]: Started Periodic ext4 Online Metadata Check for All Filesystems.
Nov 21 11:56:42 dcs systemd[1]: fstrim.timer: Not using persistent file timestamp Mon 2025-12-15 13:54:17 UTC as it is in the future.
Nov 21 11:56:42 dcs systemd[1]: Started Discard unused blocks once a week.
Nov 21 11:56:42 dcs systemd[1]: fwupd-refresh.timer: Not using persistent file timestamp Mon 2025-12-15 13:54:17 UTC as it is in the future.
Nov 21 11:56:42 dcs systemd[1]: Started Refresh fwupd metadata regularly.
Nov 21 11:56:42 dcs systemd[1]: man-db.timer: Not using persistent file timestamp Mon 2025-12-15 13:54:17 UTC as it is in the future.
Nov 21 11:56:42 dcs systemd[1]: Started Daily man-db regeneration.
Nov 21 11:56:42 dcs systemd[1]: motd-news.timer: Not using persistent file timestamp Mon 2025-12-15 13:54:17 UTC as it is in the future.
Nov 21 11:56:42 dcs systemd[1]: Started Message of the Day.
Nov 21 11:56:42 dcs systemd[1]: Condition check resulted in Timer to automatically fetch and run repair assertions being skipped.
Nov 21 11:56:42 dcs systemd[1]: Started Daily Cleanup of Temporary Directories.
Nov 21 11:56:42 dcs systemd[1]: Started Ubuntu Advantage Timer for running repeated jobs.
Nov 21 11:56:42 dcs systemd[1]: Reached target Paths.
Nov 21 11:56:42 dcs systemd[1]: Reached target Timers.
Nov 21 11:56:42 dcs systemd[1]: Condition check resulted in Unix socket for apport crash forwarding being skipped.
Nov 21 11:56:42 dcs systemd[1]: Listening on Avahi mDNS/DNS-SD Stack Activation Socket.
Nov 21 11:56:42 dcs systemd[1]: Listening on D-Bus System Message Bus Socket.
Nov 21 11:56:42 dcs kernel: usb 1-2.6: USB disconnect, device number 9
Nov 21 11:56:42 dcs systemd[1]: Starting Socket activation for snappy daemon.
Nov 21 11:56:42 dcs systemd[1]: Listening on Socket activation for snappy daemon.
Nov 21 11:56:42 dcs systemd[1]: Reached target Sockets.
Nov 21 11:56:42 dcs systemd[1]: Reached target Basic System.
Nov 21 11:56:42 dcs systemd-udevd[336]: Using default interface naming scheme 'v245'.
Nov 21 11:56:42 dcs systemd[1]: Starting Accounts Service...
Nov 21 11:56:42 dcs systemd-udevd[336]: ethtool: autonegotiation is unset or enabled, the speed and duplex are not writable.
Nov 21 11:56:43 dcs systemd[1]: Started Run anacron jobs.
Nov 21 11:56:43 dcs systemd[1]: Starting LSB: automatic crash report generation...
Nov 21 11:56:43 dcs anacron[387]: Anacron 2.3 started on 2025-11-21
Nov 21 11:56:43 dcs systemd[1]: Starting Avahi mDNS/DNS-SD Stack...
Nov 21 11:56:43 dcs anacron[387]: Will run job `cron.daily' in 5 min.
Nov 21 11:56:43 dcs anacron[387]: Jobs will be executed sequentially
Nov 21 11:56:43 dcs systemd[1]: Started Regular background program processing daemon.
Nov 21 11:56:43 dcs systemd[1]: Started D-Bus System Message Bus.
Nov 21 11:56:43 dcs kernel: usb 1-2.6: new full-speed USB device number 10 using tegra-xusb
Nov 21 11:56:43 dcs avahi-daemon[393]: Found user 'avahi' (UID 120) and group 'avahi' (GID 128).
Nov 21 11:56:43 dcs systemd[1]: Starting Network Manager...
Nov 21 11:56:43 dcs kernel: spi-tegra114 3210000.spi: Adding to iommu group 2
Nov 21 11:56:43 dcs cron[398]: (CRON) INFO (pidfile fd = 3)
Nov 21 11:56:43 dcs systemd[1]: Started Save initial kernel messages after boot.
Nov 21 11:56:43 dcs kernel: spi-tegra114 3230000.spi: Adding to iommu group 2
Nov 21 11:56:43 dcs cron[398]: (CRON) INFO (Running @reboot jobs)
Nov 21 11:56:43 dcs kernel: usb 1-2.6: New USB device found, idVendor=2dae, idProduct=1058, bcdDevice= 2.00
Nov 21 11:56:43 dcs kernel: usb 1-2.6: New USB device strings: Mfr=1, Product=2, SerialNumber=3
Nov 21 11:56:43 dcs kernel: usb 1-2.6: Product: CubeOrange+
Nov 21 11:56:43 dcs kernel: usb 1-2.6: Manufacturer: CubePilot
Nov 21 11:56:43 dcs kernel: usb 1-2.6: SerialNumber: 3C0049000951303439323731
Nov 21 11:56:43 dcs kernel: cdc_acm 1-2.6:1.0: ttyACM0: USB ACM device
Nov 21 11:56:43 dcs kernel: cdc_acm 1-2.6:1.2: ttyACM1: USB ACM device
Nov 21 11:56:43 dcs kernel: imx477 32-001a: tegracam sensor driver:imx477_v2.0.6
Nov 21 11:56:43 dcs kernel: imx219 30-0010: tegracam sensor driver:imx219_v2.0.6
Nov 21 11:56:43 dcs kernel: imx219 30-0010: imx219_board_setup: error during i2c read probe (-121)
Nov 21 11:56:43 dcs kernel: imx219 30-0010: board setup failed
Nov 21 11:56:43 dcs kernel: imx219: probe of 30-0010 failed with error -121
Nov 21 11:56:43 dcs kernel: imx219 31-0010: tegracam sensor driver:imx219_v2.0.6
Nov 21 11:56:43 dcs kernel: tegra-hda 3510000.hda: Adding to iommu group 33
Nov 21 11:56:43 dcs kernel: tegra-hda 3510000.hda: Override SDO lines to 4
Nov 21 11:56:43 dcs kernel: imx219 31-0010: imx219_board_setup: error during i2c read probe (-121)
Nov 21 11:56:43 dcs kernel: imx219 31-0010: board setup failed
Nov 21 11:56:43 dcs kernel: imx219: probe of 31-0010 failed with error -121
Nov 21 11:56:43 dcs kernel: imx219 35-0010: tegracam sensor driver:imx219_v2.0.6
Nov 21 11:56:43 dcs kernel: imx219 35-0010: imx219_board_setup: error during i2c read probe (-121)
Nov 21 11:56:43 dcs kernel: imx219 35-0010: board setup failed
Nov 21 11:56:43 dcs kernel: imx219: probe of 35-0010 failed with error -121
Nov 21 11:56:43 dcs kernel: input: NVIDIA Jetson Xavier NX HDA HDMI/DP,pcm=3 as /devices/platform/3510000.hda/sound/card0/input1
Nov 21 11:56:43 dcs kernel: input: NVIDIA Jetson Xavier NX HDA HDMI/DP,pcm=7 as /devices/platform/3510000.hda/sound/card0/input2
Nov 21 11:56:43 dcs kernel: input: NVIDIA Jetson Xavier NX HDA HDMI/DP,pcm=8 as /devices/platform/3510000.hda/sound/card0/input3
Nov 21 11:56:43 dcs kernel: input: NVIDIA Jetson Xavier NX HDA HDMI/DP,pcm=9 as /devices/platform/3510000.hda/sound/card0/input4
Nov 21 11:56:43 dcs kernel: Intel(R) Wireless WiFi driver for Linux
Nov 21 11:56:43 dcs systemd[1]: Starting Remove Stale Online ext4 Metadata Check Snapshots...
Nov 21 11:56:43 dcs mavlink-routerd[432]: mavlink-router version v4-15-g51983a4
Nov 21 11:56:43 dcs systemd[1]: Condition check resulted in getty on tty2-tty6 if dbus and logind are not available being skipped.
Nov 21 11:56:43 dcs mavlink-routerd[432]: Error while trying to write serial port latency on /dev/ttyTHS0: Invalid argument
Nov 21 11:56:43 dcs systemd[1]: Condition check resulted in Record successful boot for GRUB being skipped.
Nov 21 11:56:43 dcs l4t-rootfs-validation-config.sh[428]: Checking if the root filesystem boots successfully
Nov 21 11:56:43 dcs kernel: cpu-throttle-alert cooling device registered.
Nov 21 11:56:43 dcs kernel: iwlwifi 0004:01:00.0: Adding to iommu group 7
Nov 21 11:56:43 dcs mavlink-routerd[432]: Opened UART [5]cube: /dev/ttyTHS0
Nov 21 11:56:43 dcs systemd[1]: Condition check resulted in GRUB failed boot detection being skipped.
Nov 21 11:56:43 dcs mavlink-routerd[432]: UART [5]cube: speed = 921600
Nov 21 11:56:43 dcs systemd[1]: Started Checking root filesystem boot successful.
Nov 21 11:56:43 dcs mavlink-routerd[432]: Opened UDP Client [6]gcs_laptop: 10.42.0.1:14555
Nov 21 11:56:43 dcs systemd[1]: Started MAVLink Router.
Nov 21 11:56:43 dcs mavlink-routerd[432]: Opened UDP Client [8]av_mavlink_configuration: 127.0.0.1:14580
Nov 21 11:56:43 dcs systemd[1]: Starting Dispatcher daemon for systemd-networkd...
Nov 21 11:56:43 dcs mavlink-routerd[432]: Opened UDP Server [10]gcs_radio: 0.0.0.0:14550
Nov 21 11:56:43 dcs systemd[1]: Starting Configure USB flashing port for device mode...
Nov 21 11:56:43 dcs mavlink-routerd[432]: Opened UDP Client [11]gcs_usb: 192.168.55.100:13550
Nov 21 11:56:43 dcs systemd[1]: Starting NvSciIpc initialization...
Nov 21 11:56:43 dcs systemd[1]: Starting NVIDIA specific early first-boot script...
Nov 21 11:56:43 dcs systemd[1]: Starting NVIDIA specific power script...
Nov 21 11:56:43 dcs systemd[1]: Started NVIDIA weston service.
Nov 21 11:56:43 dcs systemd[1]: Starting Restore /etc/resolv.conf if the system crashed before the ppp link was shut down...
Nov 21 11:56:43 dcs kernel: iwlwifi 0004:01:00.0: enabling device (0000 -> 0002)
Nov 21 11:56:43 dcs kernel: gpu-throttle-alert cooling device registered.
Nov 21 11:56:43 dcs kernel: aux-throttle-alert cooling device registered.
Nov 21 11:56:43 dcs kernel: hot-surface-alert cooling device registered.
Nov 21 11:56:43 dcs systemd-udevd[342]: rtc1: /usr/lib/udev/rules.d/50-udev-default.rules:10 Failed to write ATTR{/sys/devices/platform/c2a0000.rtc/rtc/rtc1/hctosys}, ignoring: Permission denied
Nov 21 11:56:43 dcs systemd[1]: Starting resolvconf-pull-resolved.service...
Nov 21 11:56:43 dcs kernel: tegra-adma 2930000.adma: Tegra210 ADMA driver registered 16 channels
Nov 21 11:56:43 dcs systemd[1]: Starting System Logging Service...
Nov 21 11:56:43 dcs systemd[1]: Condition check resulted in Userspace listener for prompt events being skipped.
Nov 21 11:56:43 dcs systemd[1]: Condition check resulted in Automatically repair incorrect owner/permissions on core devices being skipped.
Nov 21 11:56:43 dcs systemd[1]: Condition check resulted in Wait for the Ubuntu Core chooser trigger being skipped.
Nov 21 11:56:43 dcs systemd[1]: Reached target Login Prompts (Pre).
Nov 21 11:56:43 dcs kernel: nvadsp 2993000.adsp: Adding to iommu group 34
Nov 21 11:56:43 dcs kernel: nvadsp 2993000.adsp: in probe()...
Nov 21 11:56:43 dcs kernel: nvadsp 2993000.adsp: nvadsp_app_module_probe
Nov 21 11:56:43 dcs kernel: iwlwifi 0004:01:00.0: WRT: Overriding region id 0
Nov 21 11:56:43 dcs kernel: iwlwifi 0004:01:00.0: WRT: Overriding region id 1
Nov 21 11:56:43 dcs kernel: iwlwifi 0004:01:00.0: WRT: Overriding region id 2
Nov 21 11:56:43 dcs kernel: iwlwifi 0004:01:00.0: WRT: Overriding region id 3
Nov 21 11:56:43 dcs kernel: iwlwifi 0004:01:00.0: WRT: Overriding region id 4
Nov 21 11:56:43 dcs kernel: iwlwifi 0004:01:00.0: WRT: Overriding region id 6
Nov 21 11:56:43 dcs kernel: iwlwifi 0004:01:00.0: WRT: Overriding region id 8
Nov 21 11:56:43 dcs kernel: iwlwifi 0004:01:00.0: WRT: Overriding region id 9
Nov 21 11:56:43 dcs kernel: iwlwifi 0004:01:00.0: WRT: Overriding region id 10
Nov 21 11:56:43 dcs kernel: iwlwifi 0004:01:00.0: WRT: Overriding region id 11
Nov 21 11:56:43 dcs kernel: iwlwifi 0004:01:00.0: WRT: Overriding region id 15
Nov 21 11:56:43 dcs kernel: iwlwifi 0004:01:00.0: WRT: Overriding region id 16
Nov 21 11:56:43 dcs kernel: iwlwifi 0004:01:00.0: WRT: Overriding region id 18
Nov 21 11:56:43 dcs kernel: iwlwifi 0004:01:00.0: WRT: Overriding region id 19
Nov 21 11:56:43 dcs kernel: iwlwifi 0004:01:00.0: WRT: Overriding region id 20
Nov 21 11:56:43 dcs kernel: iwlwifi 0004:01:00.0: WRT: Overriding region id 21
Nov 21 11:56:43 dcs kernel: iwlwifi 0004:01:00.0: WRT: Overriding region id 28
Nov 21 11:56:43 dcs kernel: iwlwifi 0004:01:00.0: loaded firmware version 46.4d093a30.0 9260-th-b0-jf-b0-46.ucode op_mode iwlmvm
Nov 21 11:56:43 dcs kernel: imx477 32-001a: imx477_board_setup: error during i2c read probe (-121)
Nov 21 11:56:43 dcs kernel: imx477 32-001a: board setup failed
Nov 21 11:56:43 dcs kernel: imx477: probe of 32-001a failed with error -121
Nov 21 11:56:43 dcs kernel: imx477 33-001a: tegracam sensor driver:imx477_v2.0.6
Nov 21 11:56:43 dcs kernel: tegra210-adsp aconnect@2a41000:adsp_audio: Adding to iommu group 34
Nov 21 11:56:43 dcs kernel: tegra210_adsp_audio_probe: platform probe started
Nov 21 11:56:43 dcs kernel: tegra210-adsp tegra210-adsp: Default param-type to BYTE for mp3-dec1
Nov 21 11:56:43 dcs kernel: tegra210-adsp tegra210-adsp: Default param-type to BYTE for spkprot
Nov 21 11:56:43 dcs kernel: tegra210-adsp tegra210-adsp: Default param-type to BYTE for src
Nov 21 11:56:43 dcs kernel: tegra210-adsp tegra210-adsp: Default param-type to BYTE for aac-dec1
Nov 21 11:56:43 dcs kernel: tegra210-adsp tegra210-adsp: Default param-type to BYTE for aec
Nov 21 11:56:43 dcs kernel: tegra210-adsp tegra210-adsp: Default param-type to BYTE for wire
Nov 21 11:56:43 dcs kernel: tegra210-adsp tegra210-adsp: adma channel page address dt entry not found
Nov 21 11:56:43 dcs kernel: tegra210-adsp tegra210-adsp: using adma channel page 0
Nov 21 11:56:43 dcs kernel: nvadsp 2993000.adsp: ADSP OS firmware already loaded
Nov 21 11:56:43 dcs kernel: usb 1-2.6: USB disconnect, device number 10
Nov 21 11:56:43 dcs systemd[1]: Starting Snap Daemon...
Nov 21 11:56:43 dcs systemd[1]: Starting Switcheroo Control Proxy service...
Nov 21 11:56:43 dcs systemd[1]: Starting Login Service...
Nov 21 11:56:43 dcs systemd[1]: Condition check resulted in Ubuntu Advantage reboot cmds being skipped.
Nov 21 11:56:43 dcs systemd[1]: Starting Ubuntu live CD installer...
Nov 21 11:56:43 dcs systemd[1]: Starting Disk Manager...
Nov 21 11:56:43 dcs NetworkManager[405]: <info>  [1763726203.7105] NetworkManager (version 1.22.10) is starting... (for the first time)
Nov 21 11:56:43 dcs NetworkManager[405]: <info>  [1763726203.7109] Read config: /etc/NetworkManager/NetworkManager.conf (lib: 10-dns-resolved.conf, 20-connectivity-ubuntu.conf, no-mac-addr-change.conf) (etc: 10-globally-managed-devices.conf, default-wifi-powersave-on.conf)
Nov 21 11:56:43 dcs systemd[1]: Starting WPA supplicant...
Nov 21 11:56:43 dcs systemd-udevd[340]: rtc0: /usr/lib/udev/rules.d/50-udev-default.rules:10 Failed to write ATTR{/sys/devices/platform/bpmp/bpmp:i2c/i2c-4/4-003c/max77620-rtc/rtc/rtc0/hctosys}, ignoring: Permission denied
Nov 21 11:56:43 dcs NetworkManager[405]: <info>  [1763726203.7597] bus-manager: acquired D-Bus service "org.freedesktop.NetworkManager"
Nov 21 11:56:43 dcs systemd[1]: l4t-rootfs-validation-config.service: Succeeded.
Nov 21 11:56:43 dcs kernel: using random self ethernet address
Nov 21 11:56:43 dcs kernel: using random host ethernet address
Nov 21 11:56:43 dcs udisksd[490]: udisks daemon version 2.8.4 starting
Nov 21 11:56:43 dcs systemd[1]: nv_nvsciipc_init.service: Succeeded.
Nov 21 11:56:43 dcs systemd[1]: Finished NvSciIpc initialization.
Nov 21 11:56:43 dcs systemd[1]: nvfb-early.service: Succeeded.
Nov 21 11:56:43 dcs kernel: imx477 33-001a: imx477_board_setup: error during i2c read probe (-121)
Nov 21 11:56:43 dcs kernel: imx477 33-001a: board setup failed
Nov 21 11:56:43 dcs kernel: imx477: probe of 33-001a failed with error -121
Nov 21 11:56:43 dcs kernel: imx477 34-001a: tegracam sensor driver:imx477_v2.0.6
Nov 21 11:56:43 dcs systemd[1]: Finished NVIDIA specific early first-boot script.
Nov 21 11:56:43 dcs NetworkManager[405]: <info>  [1763726203.9009] manager[0xaaab05ce6020]: monitoring kernel firmware directory '/lib/firmware'.
Nov 21 11:56:43 dcs NetworkManager[405]: <info>  [1763726203.9017] monitoring ifupdown state file '/run/network/ifstate'.
Nov 21 11:56:43 dcs systemd[1]: nvweston.service: Succeeded.
Nov 21 11:56:43 dcs systemd[1]: pppd-dns.service: Succeeded.
Nov 21 11:56:43 dcs kernel: usb 1-2.6: new full-speed USB device number 11 using tegra-xusb
Nov 21 11:56:43 dcs dbus-daemon[402]: [system] Activating systemd to hand-off: service name='org.freedesktop.hostname1' unit='dbus-org.freedesktop.hostname1.service' requested by ':1.3' (uid=0 pid=405 comm="/usr/sbin/NetworkManager --no-daemon " label="kernel")
Nov 21 11:56:43 dcs systemd[1]: Finished Restore /etc/resolv.conf if the system crashed before the ppp link was shut down.
Nov 21 11:56:43 dcs kernel: tegra-asoc: sound: Adding to iommu group 34
Nov 21 11:56:43 dcs systemd[1]: ubiquity.service: Succeeded.
Nov 21 11:56:44 dcs udisksd[490]: failed to load module mdraid: libbd_mdraid.so.2: cannot open shared object file: No such file or directory
Nov 21 11:56:44 dcs kernel: usb 1-2.6: New USB device found, idVendor=2dae, idProduct=1058, bcdDevice= 2.00
Nov 21 11:56:44 dcs kernel: usb 1-2.6: New USB device strings: Mfr=1, Product=2, SerialNumber=3
Nov 21 11:56:44 dcs kernel: usb 1-2.6: Product: CubeOrange+
Nov 21 11:56:44 dcs kernel: usb 1-2.6: Manufacturer: CubePilot
Nov 21 11:56:44 dcs kernel: usb 1-2.6: SerialNumber: 3C0049000951303439323731
Nov 21 11:56:44 dcs kernel: tegra210-adsp tegra210-adsp: Loaded app wire
Nov 21 11:56:44 dcs kernel: tegra210-adsp tegra210-adsp: Loaded app apm
Nov 21 11:56:44 dcs kernel: tegra210-adsp tegra210-adsp: Loaded app adma
Nov 21 11:56:44 dcs kernel: tegra210-adsp tegra210-adsp: Loaded app adma_tx
Nov 21 11:56:44 dcs kernel: nvadsp_set_adma_dump_reg: callback for adma reg dump is sent to 0000000093d8e822
Nov 21 11:56:44 dcs kernel: cdc_acm 1-2.6:1.0: ttyACM0: USB ACM device
Nov 21 11:56:44 dcs kernel: cdc_acm 1-2.6:1.2: ttyACM1: USB ACM device
Nov 21 11:56:44 dcs kernel: tegra210-adsp tegra210-adsp: Tegra210 ADSP driver successfully registered
Nov 21 11:56:44 dcs systemd[1]: Finished Ubuntu live CD installer.
Nov 21 11:56:44 dcs wpa_supplicant[503]: Successfully initialized wpa_supplicant
Nov 21 11:56:44 dcs udisksd[490]: Failed to load the 'mdraid' libblockdev plugin
Nov 21 11:56:44 dcs dbus-daemon[402]: [system] Activating systemd to hand-off: service name='org.freedesktop.PolicyKit1' unit='polkit.service' requested by ':1.5' (uid=0 pid=490 comm="/usr/lib/udisks2/udisksd " label="kernel")
Nov 21 11:56:44 dcs avahi-daemon[393]: Successfully dropped root privileges.
Nov 21 11:56:44 dcs avahi-daemon[393]: avahi-daemon 0.7 starting up.
Nov 21 11:56:44 dcs dbus-daemon[402]: [system] Successfully activated service 'org.freedesktop.systemd1'
Nov 21 11:56:44 dcs systemd-logind[479]: New seat seat0.
Nov 21 11:56:44 dcs mtp-probe[543]: checking bus 1, device 11: "/sys/devices/platform/3610000.xhci/usb1/1-2/1-2.6"
Nov 21 11:56:44 dcs avahi-daemon[393]: Successfully called chroot().
Nov 21 11:56:44 dcs avahi-daemon[393]: Successfully dropped remaining capabilities.
Nov 21 11:56:44 dcs avahi-daemon[393]: No service file found in /etc/avahi/services.
Nov 21 11:56:44 dcs mtp-probe[543]: bus: 1, device: 11 was not an MTP device
Nov 21 11:56:44 dcs avahi-daemon[393]: Joining mDNS multicast group on interface lo.IPv6 with address ::1.
Nov 21 11:56:44 dcs avahi-daemon[393]: New relevant interface lo.IPv6 for mDNS.
Nov 21 11:56:44 dcs avahi-daemon[393]: Joining mDNS multicast group on interface lo.IPv4 with address 127.0.0.1.
Nov 21 11:56:44 dcs avahi-daemon[393]: New relevant interface lo.IPv4 for mDNS.
Nov 21 11:56:44 dcs avahi-daemon[393]: Network interface enumeration completed.
Nov 21 11:56:44 dcs avahi-daemon[393]: Registering new address record for ::1 on lo.*.
Nov 21 11:56:44 dcs avahi-daemon[393]: Registering new address record for 127.0.0.1 on lo.IPv4.
Nov 21 11:56:44 dcs kernel: imx477 34-001a: imx477_board_setup: error during i2c read probe (-121)
Nov 21 11:56:44 dcs kernel: imx477 34-001a: board setup failed
Nov 21 11:56:44 dcs kernel: imx477: probe of 34-001a failed with error -121
Nov 21 11:56:44 dcs rsyslogd[457]: imuxsock: Acquired UNIX socket '/run/systemd/journal/syslog' (fd 3) from systemd.  [v8.2001.0]
Nov 21 11:56:44 dcs rsyslogd[457]: rsyslogd's groupid changed to 131
Nov 21 11:56:44 dcs rsyslogd[457]: rsyslogd's userid changed to 125
Nov 21 11:56:44 dcs rsyslogd[457]: [origin software="rsyslogd" swVersion="8.2001.0" x-pid="457" x-info="https://www.rsyslog.com"] start
Nov 21 11:56:44 dcs systemd-logind[479]: Watching system buttons on /dev/input/event0 (gpio-keys)
Nov 21 11:56:44 dcs systemd[1]: Started System Logging Service.
Nov 21 11:56:44 dcs systemd[1]: Found device /dev/ttyTCU0.
Nov 21 11:56:44 dcs apport[388]:  * Starting automatic crash report generation: apport
Nov 21 11:56:44 dcs systemd[1]: Started Switcheroo Control Proxy service.
Nov 21 11:56:44 dcs kernel: usb 1-2.6: USB disconnect, device number 11
Nov 21 11:56:44 dcs apport[388]:    ...done.
Nov 21 11:56:44 dcs systemd[1]: Started LSB: automatic crash report generation.
Nov 21 11:56:44 dcs snapd[469]: overlord.go:268: Acquiring state lock file
Nov 21 11:56:44 dcs snapd[469]: overlord.go:273: Acquired state lock file
Nov 21 11:56:44 dcs systemd[1]: e2scrub_reap.service: Succeeded.
Nov 21 11:56:44 dcs snapd[469]: daemon.go:247: started snapd/2.58+20.04.1 (series 16; classic; devmode) ubuntu/20.04 (arm64) linux/5.10.120-tegra.
